BL51 BANKED LINKER/LOCATER V6.22                                                        09/10/2026  14:48:56  PAGE 1


BL51 BANKED LINKER/LOCATER V6.22, INVOKED BY:
D:\KEIL\C51\BIN\BL51.EXE BUILD_KEIL\MAIN.OBJ, ..\VENDOR\STCBSP_V3.6.LIB TO BUILD_KEIL\PETCARGO_MAIN_KEIL


MEMORY MODEL: SMALL


INPUT MODULES INCLUDED:
  BUILD_KEIL\MAIN.OBJ (MAIN)
  ..\VENDOR\STCBSP_V3.6.LIB (ADC)
  ..\VENDOR\STCBSP_V3.6.LIB (BEEP)
  ..\VENDOR\STCBSP_V3.6.LIB (DISPLAYER)
  ..\VENDOR\STCBSP_V3.6.LIB (HALL)
  ..\VENDOR\STCBSP_V3.6.LIB (KEY)
  ..\VENDOR\STCBSP_V3.6.LIB (SYS)
  ..\VENDOR\STCBSP_V3.6.LIB (VIB)
  ..\VENDOR\STCBSP_V3.6.LIB (MUSIC)
  ..\VENDOR\STCBSP_V3.6.LIB (DS1302)
  ..\VENDOR\STCBSP_V3.6.LIB (M24C02)
  ..\VENDOR\STCBSP_V3.6.LIB (UART2)
  ..\VENDOR\STCBSP_V3.6.LIB (UART1)
  D:\KEIL\C51\LIB\C51S.LIB (?C_STARTUP)
  D:\KEIL\C51\LIB\C51S.LIB (?C?COPY)
  D:\KEIL\C51\LIB\C51S.LIB (?C?CLDPTR)
  D:\KEIL\C51\LIB\C51S.LIB (?C?CLDOPTR)
  D:\KEIL\C51\LIB\C51S.LIB (?C?CSTPTR)
  D:\KEIL\C51\LIB\C51S.LIB (?C?CSTOPTR)
  D:\KEIL\C51\LIB\C51S.LIB (?C?IMUL)
  D:\KEIL\C51\LIB\C51S.LIB (?C?UIDIV)
  D:\KEIL\C51\LIB\C51S.LIB (?C?IILDX)
  D:\KEIL\C51\LIB\C51S.LIB (?C?ILDIX)
  D:\KEIL\C51\LIB\C51S.LIB (?C?LMUL)
  D:\KEIL\C51\LIB\C51S.LIB (?C?ULDIV)
  D:\KEIL\C51\LIB\C51S.LIB (?C?SLDIV)
  D:\KEIL\C51\LIB\C51S.LIB (?C?ULCMP)
  D:\KEIL\C51\LIB\C51S.LIB (?C?ULSHR)
  D:\KEIL\C51\LIB\C51S.LIB (?C?SLSHR)
  D:\KEIL\C51\LIB\C51S.LIB (?C?LLDXDATA)
  D:\KEIL\C51\LIB\C51S.LIB (?C?LLDCODE)
  D:\KEIL\C51\LIB\C51S.LIB (?C?LSTXDATA)
  D:\KEIL\C51\LIB\C51S.LIB (?C?OFFXADD)
  D:\KEIL\C51\LIB\C51S.LIB (?C?PLDIIDATA)
  D:\KEIL\C51\LIB\C51S.LIB (?C?CCASE)
  D:\KEIL\C51\LIB\C51S.LIB (?C?ICALL)
  D:\KEIL\C51\LIB\C51S.LIB (?C_IBP)
  D:\KEIL\C51\LIB\C51S.LIB (?C_INIT)


LINK MAP OF MODULE:  BUILD_KEIL\PETCARGO_MAIN_KEIL (MAIN)


            TYPE    BASE      LENGTH    RELOCATION   SEGMENT NAME
            -----------------------------------------------------

            * * * * * * *   D A T A   M E M O R Y   * * * * * * *
            REG     0000H     0008H     ABSOLUTE     "REG BANK 0"
            DATA    0008H     0012H     UNIT         ?DT?SYS
            DATA    001AH     0004H     UNIT         ?DT?MAIN
BL51 BANKED LINKER/LOCATER V6.22                                                      09/10/2026  14:48:56  PAGE 2


            DATA    001EH     0002H     UNIT         ?DT?ADC
            BIT     0020H.0   0001H.7   UNIT         ?BI?SYS
            BIT     0021H.7   0000H.1   UNIT         ?BI?ADC
            BIT     0022H.0   0000H.1   UNIT         ?BI?MUSIC
                    0022H.1   0000H.7                *** GAP ***
            DATA    0023H     003FH     UNIT         _DATA_GROUP_
            DATA    0062H     0008H     UNIT         ?DT?_SETMUSIC?MUSIC
            DATA    006AH     0002H     UNIT         ?DT?GETULTRASONIC?SYS
            DATA    006CH     0002H     UNIT         ?DT?UART2
            DATA    006EH     0001H     UNIT         ?DT?HALL
            DATA    006FH     0001H     UNIT         ?DT?KEY
            DATA    0070H     0001H     UNIT         ?DT?VIB
            DATA    0071H     0001H     UNIT         ?C?LIB_DATA
            IDATA   0072H     0001H     UNIT         ?STACK

            * * * * * * *  X D A T A   M E M O R Y  * * * * * * *
            XDATA   0000H     006EH     UNIT         ?XD?SYS
            XDATA   006EH     006BH     UNIT         ?XD?MAIN
            XDATA   00D9H     001EH     UNIT         ?XD?ADC
            XDATA   00F7H     0015H     UNIT         ?XD?UART2
            XDATA   010CH     0015H     UNIT         ?XD?UART1
            XDATA   0121H     0010H     UNIT         ?XD?MUSIC
            XDATA   0131H     000CH     UNIT         ?XD?DISPLAYER
            XDATA   013DH     000AH     UNIT         ?XD?KEY
            XDATA   0147H     0009H     UNIT         ?XD?DS1302
            XDATA   0150H     0004H     UNIT         ?XD?HALL
            XDATA   0154H     0001H     UNIT         ?XD?VIB

            * * * * * * *   C O D E   M E M O R Y   * * * * * * *
            CODE    0000H     0003H     ABSOLUTE     
            CODE    0003H     0008H     UNIT         ?PR?GETHALLACT?HALL
            CODE    000BH     0003H     ABSOLUTE     
            CODE    000EH     0015H     UNIT         ?PR?_M24C02_WRITE?M24C02
            CODE    0023H     0003H     ABSOLUTE     
            CODE    0026H     0003H     UNIT         ?PR?_?RET0FUNC?SYS
            CODE    0029H     0001H     UNIT         ?PR?_?NULLFUNC?SYS
            CODE    002AH     0001H     UNIT         ?PR?_?NULLFUNC0?UART2
            CODE    002BH     0003H     ABSOLUTE     
            CODE    002EH     000DH     UNIT         ?PR?_?SYS_SV_DRV?VIB
            CODE    003BH     0003H     ABSOLUTE     
            CODE    003EH     0003H     UNIT         ?PR?CLRBEEPPIN?SYS
                    0041H     0002H                  *** GAP ***
            CODE    0043H     0003H     ABSOLUTE     
            CODE    0046H     03C8H     UNIT         ?C?LIB_CODE
            CODE    040EH     02F6H     UNIT         ?PR?_?SYS_MUSIC_DRV?MUSIC
            CODE    0704H     01D2H     UNIT         ?PR?UART2_ISR?UART2
            CODE    08D6H     01ACH     UNIT         ?PR?_?SYS_ADC_DRV?ADC
            CODE    0A82H     0161H     UNIT         ?PR?TICK_100MS?MAIN
            CODE    0BE3H     0130H     UNIT         ?PR?UART1_ISR?UART1
            CODE    0D13H     0128H     UNIT         ?PR?BSP_INIT?MAIN
            CODE    0E3BH     0126H     UNIT         ?CO?MUSIC
            CODE    0F61H     0123H     UNIT         ?PR?_?SYS_KEY_DRV?KEY
            CODE    1084H     011BH     UNIT         ?C_INITSEG
            CODE    119FH     0100H     UNIT         ?PR?DISPLAY_STATUS?MAIN
            CODE    129FH     00FEH     UNIT         ?PR?DS1302INIT?DS1302
            CODE    139DH     00EDH     UNIT         ?PR?SYS_TASK_1MS?SYS
            CODE    148AH     00E9H     UNIT         ?PR?_?SYS_DISPLAY_DRV?DISPLAYER
BL51 BANKED LINKER/LOCATER V6.22                                                      09/10/2026  14:48:56  PAGE 3


            CODE    1573H     00E4H     UNIT         ?PR?_VOICE_ACTION?MAIN
            CODE    1657H     00CBH     UNIT         ?PR?UART1_CALLBACK?MAIN
            CODE    1722H     00B5H     UNIT         ?PR?_UART2INIT?UART2
            CODE    17D7H     00AAH     UNIT         ?PR?_PLAYTONE?MUSIC
            CODE    1881H     00A8H     UNIT         ?PR?SYS_CCP_ISR?SYS
            CODE    1929H     00A5H     UNIT         ?PR?_?SYS_DS1302_DRV?DS1302
            CODE    19CEH     009FH     UNIT         ?PR?_SEND_FRAME?MAIN
            CODE    1A6DH     0093H     UNIT         ?PR?SYS_TASK_10MS?SYS
            CODE    1B00H     008CH     UNIT         ?C_C51STARTUP
            CODE    1B8CH     008BH     UNIT         ?PR?SYS_TASK_IR?SYS
            CODE    1C17H     007DH     UNIT         ?PR?_SETEVENTCALLBACK?SYS
            CODE    1C94H     0078H     UNIT         ?PR?_SETBEEP?BEEP
            CODE    1D0CH     0077H     UNIT         ?PR?_UART1INIT?UART1
            CODE    1D83H     0066H     UNIT         ?PR?HALL_CALLBACK?MAIN
            CODE    1DE9H     0058H     UNIT         ?PR?_CRC16?MAIN
            CODE    1E41H     0058H     UNIT         ?PR?_SETMUSIC?MUSIC
            CODE    1E99H     0053H     UNIT         ?PR?GETULTRASONIC?SYS
            CODE    1EECH     0052H     UNIT         ?PR?SYS_TIMER0_ISR?SYS
            CODE    1F3EH     0048H     UNIT         ?PR?_PUT32?MAIN
            CODE    1F86H     0047H     UNIT         ?PR?SYS_TIMER0_INIT?SYS
            CODE    1FCDH     0046H     UNIT         ?PR?_GETADCNAVACT?ADC
            CODE    2013H     0046H     UNIT         ?PR?_?SYS_HALL_DRV?HALL
            CODE    2059H     0044H     UNIT         ?C?LDIV
            CODE    209DH     0041H     UNIT         ?PR?MUSIC_STEP?MAIN
            CODE    20DEH     0040H     UNIT         ?PR?_GETKEYACT?KEY
            CODE    211EH     003FH     UNIT         ?PR?SYS_TASK_100MS?SYS
            CODE    215DH     003EH     UNIT         ?PR?MYSTC_OS?SYS
            CODE    219BH     0037H     UNIT         ?CO?MAIN
            CODE    21D2H     0035H     UNIT         ?PR?KEY_CALLBACK?MAIN
            CODE    2207H     0031H     UNIT         ?PR?_ADCINIT?ADC
            CODE    2238H     0031H     UNIT         ?PR?_SETUART2RXD?UART2
            CODE    2269H     0031H     UNIT         ?PR?_SETUART1RXD?UART1
            CODE    229AH     0030H     UNIT         ?PR?_SEND_MOTION?MAIN
            CODE    22CAH     002FH     UNIT         ?PR?_UART2PRINT?UART2
            CODE    22F9H     002EH     UNIT         ?PR?_DS1302READ?DS1302
            CODE    2327H     002BH     UNIT         ?PR?UART2_CALLBACK?MAIN
            CODE    2352H     002BH     UNIT         ?PR?SYS_TASK_1S?SYS
            CODE    237DH     0029H     UNIT         ?PR?_NVM_WRITE?DS1302
            CODE    23A6H     0028H     UNIT         ?PR?_?SYS_BEEP_DRV?BEEP
            CODE    23CEH     0028H     UNIT         ?PR?_SETPLAYERMODE?MUSIC
            CODE    23F6H     0028H     UNIT         ?PR?_UART1PRINT?UART1
            CODE    241EH     0024H     UNIT         ?PR?RESPONS?M24C02
            CODE    2442H     0024H     UNIT         ?PR?_WRITEBYTE?M24C02
            CODE    2466H     0022H     UNIT         ?PR?READBYTE?M24C02
            CODE    2488H     0020H     UNIT         ?PR?BEEPINIT?BEEP
            CODE    24A8H     0020H     UNIT         ?PR?_SEG7PRINT?DISPLAYER
            CODE    24C8H     0020H     UNIT         ?PR?_DS1302WRITE?DS1302
            CODE    24E8H     001FH     UNIT         ?PR?VIBRATION_CALLBACK?MAIN
            CODE    2507H     001DH     UNIT         ?PR?_SEND_EVENT?MAIN
            CODE    2524H     001DH     UNIT         ?PR?HALLINIT?HALL
            CODE    2541H     001DH     UNIT         ?PR?KEYINIT?KEY
            CODE    255EH     001DH     UNIT         ?PR?VIBINIT?VIB
            CODE    257BH     001CH     UNIT         ?PR?_M24C02_READ?M24C02
            CODE    2597H     001BH     UNIT         ?PR?DISPLAYERINIT?DISPLAYER
            CODE    25B2H     0019H     UNIT         ?PR?TICK_1MS?MAIN
            CODE    25CBH     0019H     UNIT         ?PR?_DS1302WRITEBYTE?DS1302
            CODE    25E4H     0019H     UNIT         ?PR?RTC_WRITE?DS1302
BL51 BANKED LINKER/LOCATER V6.22                                                      09/10/2026  14:48:56  PAGE 4


            CODE    25FDH     0018H     UNIT         ?PR?STOP_ALL?MAIN
            CODE    2615H     0018H     UNIT         ?PR?DS1302READBYTE?DS1302
            CODE    262DH     0012H     UNIT         ?PR?_NVM_READ?DS1302
            CODE    263FH     0011H     UNIT         ?PR?_SETCCP0?SYS
            CODE    2650H     0010H     UNIT         ?PR?START?M24C02
            CODE    2660H     000FH     UNIT         ?PR?_?GETVIBACT?VIB
            CODE    266FH     000FH     UNIT         ?PR?MUSICPLAYERINIT?MUSIC
            CODE    267EH     000FH     UNIT         ?PR?_?SYS_GET_UART2RXDEVENT?UART2
            CODE    268DH     000FH     UNIT         ?PR?_?SYS_GET_UART1RXDEVENT?UART1
            CODE    269CH     000EH     UNIT         ?PR?_?SYS_GET_KNEVENT?ADC
            CODE    26AAH     000EH     UNIT         ?PR?_?SYS_GET_EXTADCEVENT?ADC
            CODE    26B8H     000EH     UNIT         ?PR?_?SYS_GET_HALLEVENT?HALL
            CODE    26C6H     000EH     UNIT         ?PR?_?SYS_GET_KEYEVENT?KEY
            CODE    26D4H     000EH     UNIT         ?PR?_?SYS_GET_SVEVENT?VIB
            CODE    26E2H     000DH     UNIT         ?PR?STOP?M24C02
            CODE    26EFH     000CH     UNIT         ?PR?NAV_CALLBACK?MAIN
            CODE    26FBH     000CH     UNIT         ?PR?GETBEEPSTATUS?BEEP
            CODE    2707H     000BH     UNIT         ?PR?_PUT16?MAIN
            CODE    2712H     000BH     UNIT         ?PR?MAIN?MAIN
            CODE    271DH     000BH     UNIT         ?PR?GETUART2TXSTATUS?UART2
            CODE    2728H     000BH     UNIT         ?PR?GETUART1TXSTATUS?UART1
            CODE    2733H     0009H     UNIT         ?CO?ADC
            CODE    273CH     0009H     UNIT         ?PR?_SETDISPLAYERAREA?DISPLAYER
            CODE    2745H     0009H     UNIT         ?PR?GETBEEPTIMER?SYS
            CODE    274EH     0009H     UNIT         ?PR?_SETBEEPTIMER?SYS
            CODE    2757H     0007H     UNIT         ?PR?GETADC?ADC
            CODE    275EH     0007H     UNIT         ?PR?GETSYSPERFORMANCE?SYS
            CODE    2765H     0007H     UNIT         ?PR?RTC_READ?DS1302
            CODE    276CH     0006H     UNIT         ?PR?ADC_ISR?ADC
            CODE    2772H     0006H     UNIT         ?PR?_LEDPRINT?DISPLAYER
            CODE    2778H     0006H     UNIT         ?PR?MYSTC_INIT?SYS
            CODE    277EH     0006H     UNIT         ?PR?GETPLAYERMODE?MUSIC



OVERLAY MAP OF MODULE:   BUILD_KEIL\PETCARGO_MAIN_KEIL (MAIN)


SEGMENT                                     DATA_GROUP 
  +--> CALLED SEGMENT                     START    LENGTH
---------------------------------------------------------
?C_C51STARTUP                             -----    -----
  +--> ?PR?MAIN?MAIN
  +--> ?C_INITSEG

?PR?MAIN?MAIN                             -----    -----
  +--> ?PR?BSP_INIT?MAIN
  +--> ?PR?MYSTC_INIT?SYS
  +--> ?PR?MYSTC_OS?SYS

?PR?BSP_INIT?MAIN                         0023H    0007H
  +--> ?CO?MAIN
  +--> ?PR?DISPLAYERINIT?DISPLAYER
  +--> ?PR?_SETDISPLAYERAREA?DISPLAYER
  +--> ?PR?_LEDPRINT?DISPLAYER
  +--> ?PR?KEYINIT?KEY
  +--> ?PR?_ADCINIT?ADC
BL51 BANKED LINKER/LOCATER V6.22                                                      09/10/2026  14:48:56  PAGE 5


  +--> ?PR?BEEPINIT?BEEP
  +--> ?PR?MUSICPLAYERINIT?MUSIC
  +--> ?PR?HALLINIT?HALL
  +--> ?PR?VIBINIT?VIB
  +--> ?PR?DS1302INIT?DS1302
  +--> ?PR?_M24C02_READ?M24C02
  +--> ?PR?_UART1INIT?UART1
  +--> ?PR?_SETUART1RXD?UART1
  +--> ?PR?_UART2INIT?UART2
  +--> ?PR?_SETUART2RXD?UART2
  +--> ?PR?TICK_1MS?MAIN
  +--> ?PR?_SETEVENTCALLBACK?SYS
  +--> ?PR?TICK_100MS?MAIN
  +--> ?PR?KEY_CALLBACK?MAIN
  +--> ?PR?NAV_CALLBACK?MAIN
  +--> ?PR?HALL_CALLBACK?MAIN
  +--> ?PR?VIBRATION_CALLBACK?MAIN
  +--> ?PR?UART1_CALLBACK?MAIN
  +--> ?PR?UART2_CALLBACK?MAIN

?PR?DISPLAYERINIT?DISPLAYER               -----    -----
  +--> ?PR?_?SYS_DISPLAY_DRV?DISPLAYER

?PR?_?SYS_DISPLAY_DRV?DISPLAYER           -----    -----
  +--> ?CO?MAIN

?PR?KEYINIT?KEY                           -----    -----
  +--> ?PR?_?SYS_GET_KEYEVENT?KEY
  +--> ?PR?_?SYS_KEY_DRV?KEY

?PR?_ADCINIT?ADC                          -----    -----
  +--> ?PR?_?SYS_ADC_DRV?ADC
  +--> ?PR?_?SYS_GET_KNEVENT?ADC
  +--> ?PR?_?SYS_GET_EXTADCEVENT?ADC

?PR?_?SYS_ADC_DRV?ADC                     -----    -----
  +--> ?CO?ADC

?PR?BEEPINIT?BEEP                         -----    -----
  +--> ?PR?CLRBEEPPIN?SYS
  +--> ?PR?_?SYS_BEEP_DRV?BEEP

?PR?_?SYS_BEEP_DRV?BEEP                   -----    -----
  +--> ?PR?GETBEEPTIMER?SYS
  +--> ?PR?_SETBEEPTIMER?SYS

?PR?MUSICPLAYERINIT?MUSIC                 -----    -----
  +--> ?PR?_?SYS_MUSIC_DRV?MUSIC

?PR?_?SYS_MUSIC_DRV?MUSIC                 -----    -----
  +--> ?PR?GETBEEPSTATUS?BEEP
  +--> ?PR?_SEG7PRINT?DISPLAYER
  +--> ?PR?_LEDPRINT?DISPLAYER
  +--> ?PR?_PLAYTONE?MUSIC

?PR?GETBEEPSTATUS?BEEP                    -----    -----
  +--> ?PR?GETBEEPTIMER?SYS
BL51 BANKED LINKER/LOCATER V6.22                                                      09/10/2026  14:48:56  PAGE 6



?PR?_SEG7PRINT?DISPLAYER                  0051H    0008H

?PR?_PLAYTONE?MUSIC                       002AH    0006H
  +--> ?PR?GETBEEPSTATUS?BEEP
  +--> ?CO?MUSIC
  +--> ?PR?_SETBEEP?BEEP

?PR?_SETBEEP?BEEP                         0048H    0004H
  +--> ?PR?GETBEEPTIMER?SYS
  +--> ?PR?_SETBEEPTIMER?SYS
  +--> ?CO?MAIN
  +--> ?PR?_SETCCP0?SYS
  +--> ?PR?CLRBEEPPIN?SYS

?PR?HALLINIT?HALL                         -----    -----
  +--> ?PR?_?SYS_GET_HALLEVENT?HALL
  +--> ?PR?_?SYS_HALL_DRV?HALL

?PR?VIBINIT?VIB                           -----    -----
  +--> ?PR?_?SYS_GET_SVEVENT?VIB
  +--> ?PR?_?SYS_SV_DRV?VIB

?PR?DS1302INIT?DS1302                     002AH    0007H
  +--> ?PR?_DS1302READ?DS1302
  +--> ?PR?_DS1302WRITE?DS1302
  +--> ?PR?_NVM_READ?DS1302
  +--> ?PR?RTC_WRITE?DS1302
  +--> ?PR?_NVM_WRITE?DS1302
  +--> ?PR?_?SYS_DS1302_DRV?DS1302

?PR?_DS1302READ?DS1302                    -----    -----
  +--> ?PR?_DS1302WRITEBYTE?DS1302
  +--> ?PR?DS1302READBYTE?DS1302

?PR?_DS1302WRITE?DS1302                   -----    -----
  +--> ?PR?_DS1302WRITEBYTE?DS1302

?PR?_NVM_READ?DS1302                      -----    -----
  +--> ?PR?_DS1302READ?DS1302

?PR?RTC_WRITE?DS1302                      0031H    0007H

?PR?_NVM_WRITE?DS1302                     -----    -----
  +--> ?PR?_DS1302WRITE?DS1302

?PR?_?SYS_DS1302_DRV?DS1302               -----    -----
  +--> ?PR?_DS1302READ?DS1302
  +--> ?PR?_DS1302WRITE?DS1302

?PR?_M24C02_READ?M24C02                   -----    -----
  +--> ?PR?START?M24C02
  +--> ?PR?RESPONS?M24C02
  +--> ?PR?_WRITEBYTE?M24C02
  +--> ?PR?READBYTE?M24C02
  +--> ?PR?STOP?M24C02

BL51 BANKED LINKER/LOCATER V6.22                                                      09/10/2026  14:48:56  PAGE 7


?PR?RESPONS?M24C02                        -----    -----
  +--> ?PR?_WRITEBYTE?M24C02

?PR?_UART1INIT?UART1                      002AH    0004H
  +--> ?CO?MAIN
  +--> ?PR?_?SYS_GET_UART1RXDEVENT?UART1

?PR?_SETUART1RXD?UART1                    002AH    000AH

?PR?_UART2INIT?UART2                      002AH    0005H
  +--> ?PR?_?NULLFUNC0?UART2
  +--> ?CO?MAIN
  +--> ?PR?_?SYS_GET_UART2RXDEVENT?UART2

?PR?_SETUART2RXD?UART2                    002AH    000AH

?PR?_SETEVENTCALLBACK?SYS                 002AH    0003H

?PR?TICK_100MS?MAIN                       002AH    001EH
  +--> ?PR?GETADC?ADC
  +--> ?PR?GETUART2TXSTATUS?UART2
  +--> ?PR?_UART2PRINT?UART2
  +--> ?PR?_SETBEEP?BEEP
  +--> ?PR?_SEND_EVENT?MAIN
  +--> ?PR?_SEND_MOTION?MAIN
  +--> ?PR?MUSIC_STEP?MAIN
  +--> ?PR?DISPLAY_STATUS?MAIN
  +--> ?PR?GETUART1TXSTATUS?UART1
  +--> ?PR?_PUT32?MAIN
  +--> ?PR?_PUT16?MAIN
  +--> ?PR?_SEND_FRAME?MAIN

?PR?_SEND_EVENT?MAIN                      0048H    0003H
  +--> ?PR?_PUT16?MAIN
  +--> ?PR?_SEND_FRAME?MAIN

?PR?_SEND_FRAME?MAIN                      0057H    0005H
  +--> ?PR?GETUART1TXSTATUS?UART1
  +--> ?PR?_CRC16?MAIN
  +--> ?PR?_UART1PRINT?UART1

?PR?_CRC16?MAIN                           005CH    0006H

?PR?_SEND_MOTION?MAIN                     0048H    000FH
  +--> ?PR?_PUT32?MAIN
  +--> ?PR?_PUT16?MAIN
  +--> ?PR?_SEND_FRAME?MAIN

?PR?_PUT32?MAIN                           0057H    0004H

?PR?MUSIC_STEP?MAIN                       -----    -----
  +--> ?PR?GETBEEPSTATUS?BEEP
  +--> ?CO?MAIN
  +--> ?PR?_SETBEEP?BEEP

?PR?DISPLAY_STATUS?MAIN                   0048H    0009H
  +--> ?PR?RTC_READ?DS1302
BL51 BANKED LINKER/LOCATER V6.22                                                      09/10/2026  14:48:56  PAGE 8


  +--> ?PR?_SEG7PRINT?DISPLAYER
  +--> ?PR?_LEDPRINT?DISPLAYER

?PR?KEY_CALLBACK?MAIN                     -----    -----
  +--> ?PR?_GETKEYACT?KEY

?PR?NAV_CALLBACK?MAIN                     -----    -----
  +--> ?PR?_GETADCNAVACT?ADC
  +--> ?PR?STOP_ALL?MAIN

?PR?STOP_ALL?MAIN                         002CH    0001H
  +--> ?PR?_SEND_FRAME?MAIN

?PR?HALL_CALLBACK?MAIN                    -----    -----
  +--> ?PR?GETHALLACT?HALL
  +--> ?PR?_M24C02_WRITE?M24C02
  +--> ?PR?_SEND_EVENT?MAIN

?PR?_M24C02_WRITE?M24C02                  -----    -----
  +--> ?PR?START?M24C02
  +--> ?PR?_WRITEBYTE?M24C02
  +--> ?PR?RESPONS?M24C02
  +--> ?PR?STOP?M24C02

?PR?VIBRATION_CALLBACK?MAIN               -----    -----
  +--> ?PR?_?GETVIBACT?VIB
  +--> ?PR?STOP_ALL?MAIN
  +--> ?PR?_SEND_EVENT?MAIN

?PR?UART1_CALLBACK?MAIN                   002AH    0002H
  +--> ?PR?_CRC16?MAIN
  +--> ?PR?STOP_ALL?MAIN

?PR?UART2_CALLBACK?MAIN                   -----    -----
  +--> ?PR?_VOICE_ACTION?MAIN

?PR?_VOICE_ACTION?MAIN                    002AH    0001H
  +--> ?PR?_SEND_EVENT?MAIN
  +--> ?PR?_SEND_MOTION?MAIN
  +--> ?PR?STOP_ALL?MAIN

?PR?MYSTC_INIT?SYS                        -----    -----
  +--> ?PR?SYS_TIMER0_INIT?SYS

?PR?SYS_TIMER0_INIT?SYS                   -----    -----
  +--> ?CO?MAIN

?PR?MYSTC_OS?SYS                          -----    -----
  +--> ?PR?SYS_TASK_IR?SYS
  +--> ?PR?SYS_TASK_1MS?SYS
  +--> ?PR?SYS_TASK_10MS?SYS
  +--> ?PR?SYS_TASK_100MS?SYS
  +--> ?PR?SYS_TASK_1S?SYS

?C_INITSEG                                -----    -----
  +--> ?PR?_?NULLFUNC?SYS
  +--> ?PR?_?RET0FUNC?SYS
BL51 BANKED LINKER/LOCATER V6.22                                                      09/10/2026  14:48:56  PAGE 9





SYMBOL TABLE OF MODULE:  BUILD_KEIL\PETCARGO_MAIN_KEIL (MAIN)

  VALUE           TYPE          NAME
  ----------------------------------

  -------         MODULE        ADC
  C:0000H         SYMBOL        _ICE_DUMMY_
  D:0080H         PUBLIC        P0
  D:0090H         PUBLIC        P1
  D:00A0H         PUBLIC        P2
  C:269CH         PUBLIC        _?sys_get_KNEvent
  D:001EH         PUBLIC        sys_EXTADCEvent
  D:00B0H         PUBLIC        P3
  D:00C0H         PUBLIC        P4
  D:00C8H         PUBLIC        P5
  D:00E8H         PUBLIC        P6
  D:00F8H         PUBLIC        P7
  B:00A8H.5       PUBLIC        EADC
  D:00A8H         PUBLIC        IE
  D:00BDH         PUBLIC        ADC_RES
  D:00B8H         PUBLIC        IP
  D:0097H         PUBLIC        CLK_DIV
  C:2207H         PUBLIC        _AdcInit
  D:00D8H         PUBLIC        CCON
  C:26AAH         PUBLIC        _?sys_get_EXTADCEvent
  X:00DBH         PUBLIC        AD_res
  D:00BCH         PUBLIC        ADC_CONTR
  D:0098H         PUBLIC        SCON
  D:0088H         PUBLIC        TCON
  C:08D6H         PUBLIC        _?sys_ADC_drv
  B:0021H.7       PUBLIC        flag_ADC
  X:00E5H         PUBLIC        sys_KN
  D:009DH         PUBLIC        P1ASF
  D:001FH         PUBLIC        sys_KNEvent
  D:00BEH         PUBLIC        ADC_RESL
  C:2757H         PUBLIC        GetADC
  C:1FCDH         PUBLIC        _GetAdcNavAct
  C:276CH         PUBLIC        ADC_isr
  D:00D0H         PUBLIC        PSW
  -------         PROC          ADC_ISR
  C:276CH         LINE#         26
  C:276CH         LINE#         27
  C:276FH         LINE#         28
  C:2771H         LINE#         29
  -------         ENDPROC       ADC_ISR
  -------         PROC          _?SYS_ADC_DRV
  -------         DO            
  X:00D9H         SYMBOL        pc
  X:00DAH         SYMBOL        counter
  i:0000H         SYMBOL        i
  C:2733H         SYMBOL        ADC_ch
  -------         ENDDO         
  C:08D6H         LINE#         31
  C:08D8H         LINE#         35
BL51 BANKED LINKER/LOCATER V6.22                                                      09/10/2026  14:48:56  PAGE 10


  C:08DEH         LINE#         36
  C:08E0H         LINE#         37
  C:090EH         LINE#         38
  C:090EH         LINE#         39
  C:090EH         LINE#         40
  C:091EH         LINE#         41
  C:0920H         LINE#         42
  C:0920H         LINE#         43
  C:0920H         LINE#         44
  C:0934H         LINE#         45
  C:0937H         LINE#         46
  C:093AH         LINE#         47
  C:094AH         LINE#         48
  C:094CH         LINE#         49
  C:0960H         LINE#         50
  C:0963H         LINE#         51
  C:0977H         LINE#         52
  C:098AH         LINE#         53
  C:09A2H         LINE#         54
  C:09ADH         LINE#         55
  C:09B0H         LINE#         56
  C:09C0H         LINE#         57
  C:09D4H         LINE#         58
  C:09E9H         LINE#         59
  C:09FAH         LINE#         60
  C:09FCH         LINE#         61
  C:09FCH         LINE#         62
  C:09FEH         LINE#         64
  C:0A15H         LINE#         65
  C:0A26H         LINE#         66
  C:0A29H         LINE#         67
  C:0A29H         LINE#         68
  C:0A29H         LINE#         69
  C:0A4CH         LINE#         70
  C:0A5DH         LINE#         71
  C:0A61H         LINE#         72
  C:0A61H         LINE#         73
  C:0A61H         LINE#         74
  C:0A67H         LINE#         75
  C:0A67H         LINE#         76
  C:0A67H         LINE#         77
  C:0A73H         LINE#         78
  C:0A7FH         LINE#         79
  C:0A7FH         LINE#         80
  -------         ENDPROC       _?SYS_ADC_DRV
  -------         PROC          _?SYS_GET_KNEVENT
  -------         DO            
  i:0000H         SYMBOL        a
  -------         ENDDO         
  C:269CH         LINE#         82
  C:269EH         LINE#         84
  C:26A2H         LINE#         85
  C:26A5H         LINE#         86
  C:26A7H         LINE#         87
  -------         ENDPROC       _?SYS_GET_KNEVENT
  -------         PROC          _?SYS_GET_EXTADCEVENT
  -------         DO            
BL51 BANKED LINKER/LOCATER V6.22                                                      09/10/2026  14:48:56  PAGE 11


  i:0000H         SYMBOL        a
  -------         ENDDO         
  C:26AAH         LINE#         89
  C:26ACH         LINE#         91
  C:26B0H         LINE#         92
  C:26B3H         LINE#         93
  C:26B5H         LINE#         94
  -------         ENDPROC       _?SYS_GET_EXTADCEVENT
  -------         PROC          _ADCINIT
  D:0007H         SYMBOL        ADCsel
  C:2207H         LINE#         96
  C:2207H         LINE#         97
  C:2207H         LINE#         98
  C:2209H         LINE#         99
  C:220CH         LINE#         100
  C:220FH         LINE#         101
  C:2211H         LINE#         102
  C:221FH         LINE#         103
  C:222BH         LINE#         104
  C:2237H         LINE#         105
  -------         ENDPROC       _ADCINIT
  -------         PROC          GETADC
  C:2757H         LINE#         107
  C:2757H         LINE#         108
  C:275DH         LINE#         109
  -------         ENDPROC       GETADC
  -------         PROC          _GETADCNAVACT
  D:0007H         SYMBOL        Nav_button
  -------         DO            
  D:0006H         SYMBOL        a
  -------         ENDDO         
  C:1FCDH         LINE#         111
  C:1FCDH         LINE#         112
  C:1FCDH         LINE#         113
  C:1FDDH         LINE#         114
  C:1FF8H         LINE#         115
  C:200DH         LINE#         116
  C:2010H         LINE#         117
  C:2010H         LINE#         118
  C:2012H         LINE#         119
  -------         ENDPROC       _GETADCNAVACT
  -------         ENDMOD        ADC

  -------         MODULE        BEEP
  C:0000H         SYMBOL        _ICE_DUMMY_
  D:0080H         PUBLIC        P0
  D:00B2H         PUBLIC        P3M0
  D:0090H         PUBLIC        P1
  D:00B1H         PUBLIC        P3M1
  D:00A0H         PUBLIC        P2
  D:00B0H         PUBLIC        P3
  D:00C0H         PUBLIC        P4
  D:00C8H         PUBLIC        P5
  D:00E8H         PUBLIC        P6
  D:00F8H         PUBLIC        P7
  D:00F9H         PUBLIC        CH
  C:23A6H         PUBLIC        _?sys_beep_drv
BL51 BANKED LINKER/LOCATER V6.22                                                      09/10/2026  14:48:56  PAGE 12


  D:00A8H         PUBLIC        IE
  D:00E9H         PUBLIC        CL
  C:2488H         PUBLIC        BeepInit
  B:00D8H.6       PUBLIC        CR
  D:00DAH         PUBLIC        CCAPM0
  D:00B8H         PUBLIC        IP
  D:00D9H         PUBLIC        CMOD
  D:00D8H         PUBLIC        CCON
  C:26FBH         PUBLIC        GetBeepStatus
  C:1C94H         PUBLIC        _SetBeep
  D:0098H         PUBLIC        SCON
  D:0088H         PUBLIC        TCON
  D:00D0H         PUBLIC        PSW
  B:00D8H.0       PUBLIC        CCF0
  -------         PROC          _?SYS_BEEP_DRV
  -------         DO            
  i:0000H         SYMBOL        a
  -------         ENDDO         
  C:23A6H         LINE#         11
  C:23AAH         LINE#         13
  C:23B4H         LINE#         14
  C:23C9H         LINE#         15
  -------         ENDPROC       _?SYS_BEEP_DRV
  -------         PROC          BEEPINIT
  C:2488H         LINE#         17
  C:2488H         LINE#         18
  C:2488H         LINE#         19
  C:248BH         LINE#         20
  C:248EH         LINE#         21
  C:2491H         LINE#         22
  C:2494H         LINE#         23
  C:2497H         LINE#         24
  C:2499H         LINE#         25
  C:24A7H         LINE#         26
  -------         ENDPROC       BEEPINIT
  -------         PROC          _SETBEEP
  D:0048H         SYMBOL        Beep_freq
  D:004AH         SYMBOL        Beep_time
  -------         DO            
  D:0002H         SYMBOL        a
  D:0004H         SYMBOL        b
  -------         ENDDO         
  C:1C94H         LINE#         28
  C:1C9CH         LINE#         29
  C:1C9CH         LINE#         31
  C:1CA3H         LINE#         32
  C:1CAAH         LINE#         33
  C:1CB5H         LINE#         34
  C:1CDEH         LINE#         35
  C:1CF2H         LINE#         36
  C:1CF9H         LINE#         37
  C:1CFBH         LINE#         38
  C:1CFEH         LINE#         39
  C:1D00H         LINE#         41
  C:1D03H         LINE#         42
  C:1D06H         LINE#         43
  C:1D06H         LINE#         44
BL51 BANKED LINKER/LOCATER V6.22                                                      09/10/2026  14:48:56  PAGE 13


  C:1D09H         LINE#         45
  C:1D09H         LINE#         46
  C:1D0BH         LINE#         47
  -------         ENDPROC       _SETBEEP
  -------         PROC          GETBEEPSTATUS
  C:26FBH         LINE#         49
  C:26FBH         LINE#         50
  C:2704H         LINE#         51
  C:2706H         LINE#         52
  -------         ENDPROC       GETBEEPSTATUS
  -------         ENDMOD        BEEP

  -------         MODULE        DISPLAYER
  C:0000H         SYMBOL        _ICE_DUMMY_
  D:0093H         PUBLIC        P0M1
  D:0096H         PUBLIC        P2M0
  D:0080H         PUBLIC        P0
  D:0095H         PUBLIC        P2M1
  D:0090H         PUBLIC        P1
  D:00A0H         PUBLIC        P2
  D:00B0H         PUBLIC        P3
  D:00C0H         PUBLIC        P4
  D:00C8H         PUBLIC        P5
  D:00E8H         PUBLIC        P6
  D:00F8H         PUBLIC        P7
  D:00A8H         PUBLIC        IE
  D:00B8H         PUBLIC        IP
  D:00D8H         PUBLIC        CCON
  C:2772H         PUBLIC        _LedPrint
  B:00A0H.0       PUBLIC        P20
  B:00A0H.1       PUBLIC        P21
  D:0098H         PUBLIC        SCON
  B:00A0H.2       PUBLIC        P22
  D:0088H         PUBLIC        TCON
  B:00A0H.3       PUBLIC        P23
  C:2597H         PUBLIC        DisplayerInit
  X:0131H         PUBLIC        sys_Disp
  C:273CH         PUBLIC        _SetDisplayerArea
  C:24A8H         PUBLIC        _Seg7Print
  C:148AH         PUBLIC        _?sys_display_drv
  D:00D0H         PUBLIC        PSW
  D:0094H         PUBLIC        P0M0
  -------         PROC          _?SYS_DISPLAY_DRV
  C:148AH         LINE#         16
  C:148AH         LINE#         18
  C:148DH         LINE#         19
  C:14B6H         LINE#         20
  C:14BCH         LINE#         21
  C:14C2H         LINE#         22
  C:14C8H         LINE#         23
  C:14CEH         LINE#         24
  C:14D8H         LINE#         25
  C:14E2H         LINE#         26
  C:14ECH         LINE#         27
  C:14F6H         LINE#         28
  C:14F8H         LINE#         29
  C:14F8H         LINE#         30
BL51 BANKED LINKER/LOCATER V6.22                                                      09/10/2026  14:48:56  PAGE 14


  C:1500H         LINE#         31
  C:1529H         LINE#         33
  C:1544H         LINE#         34
  C:1547H         LINE#         35
  C:1547H         LINE#         36
  C:155EH         LINE#         37
  C:156AH         LINE#         39
  C:1572H         LINE#         40
  -------         ENDPROC       _?SYS_DISPLAY_DRV
  -------         PROC          DISPLAYERINIT
  C:2597H         LINE#         42
  C:2597H         LINE#         43
  C:2597H         LINE#         44
  C:259AH         LINE#         45
  C:259DH         LINE#         46
  C:25A0H         LINE#         47
  C:25A3H         LINE#         48
  C:25B1H         LINE#         49
  -------         ENDPROC       DISPLAYERINIT
  -------         PROC          _SETDISPLAYERAREA
  D:0007H         SYMBOL        Begin_of_scan
  D:0005H         SYMBOL        Ending_of_Scan
  C:273CH         LINE#         51
  C:273CH         LINE#         52
  C:2741H         LINE#         53
  C:2744H         LINE#         54
  -------         ENDPROC       _SETDISPLAYERAREA
  -------         PROC          _SEG7PRINT
  D:0007H         SYMBOL        d0
  D:0005H         SYMBOL        d1
  D:0003H         SYMBOL        d2
  D:0054H         SYMBOL        d3
  D:0055H         SYMBOL        d4
  D:0056H         SYMBOL        d5
  D:0057H         SYMBOL        d6
  D:0058H         SYMBOL        d7
  C:24A8H         LINE#         56
  C:24A8H         LINE#         57
  C:24ADH         LINE#         58
  C:24B0H         LINE#         59
  C:24B3H         LINE#         60
  C:24B7H         LINE#         61
  C:24BBH         LINE#         62
  C:24BFH         LINE#         63
  C:24C3H         LINE#         64
  C:24C7H         LINE#         65
  -------         ENDPROC       _SEG7PRINT
  -------         PROC          _LEDPRINT
  D:0007H         SYMBOL        led_val
  C:2772H         LINE#         67
  C:2772H         LINE#         68
  C:2777H         LINE#         69
  -------         ENDPROC       _LEDPRINT
  -------         ENDMOD        DISPLAYER

  -------         MODULE        HALL
  C:0000H         SYMBOL        _ICE_DUMMY_
BL51 BANKED LINKER/LOCATER V6.22                                                      09/10/2026  14:48:56  PAGE 15


  D:0080H         PUBLIC        P0
  D:0090H         PUBLIC        P1
  D:00A0H         PUBLIC        P2
  D:00B0H         PUBLIC        P3
  D:00C0H         PUBLIC        P4
  D:00C8H         PUBLIC        P5
  D:00E8H         PUBLIC        P6
  D:00F8H         PUBLIC        P7
  X:0153H         PUBLIC        hall_Event
  C:26B8H         PUBLIC        _?sys_get_hallEvent
  D:00A8H         PUBLIC        IE
  C:2013H         PUBLIC        _?sys_hall_drv
  D:00B8H         PUBLIC        IP
  C:2524H         PUBLIC        HallInit
  B:0090H.2       PUBLIC        IO_hall
  D:00D8H         PUBLIC        CCON
  D:0098H         PUBLIC        SCON
  D:0088H         PUBLIC        TCON
  C:0003H         PUBLIC        GetHallAct
  D:006EH         PUBLIC        sys_hallEvent
  D:00D0H         PUBLIC        PSW
  -------         PROC          _?SYS_HALL_DRV
  -------         DO            
  X:0150H         SYMBOL        counter
  X:0151H         SYMBOL        hall_count
  X:0152H         SYMBOL        hall_last_count
  -------         ENDDO         
  C:2013H         LINE#         14
  C:2013H         LINE#         19
  C:201CH         LINE#         20
  C:2024H         LINE#         21
  C:2027H         LINE#         22
  C:202FH         LINE#         23
  C:2035H         LINE#         24
  C:2039H         LINE#         25
  C:203BH         LINE#         26
  C:203BH         LINE#         27
  C:203DH         LINE#         29
  C:2046H         LINE#         30
  C:204AH         LINE#         31
  C:204DH         LINE#         32
  C:204DH         LINE#         33
  C:204DH         LINE#         34
  C:2052H         LINE#         35
  C:2058H         LINE#         36
  C:2058H         LINE#         37
  -------         ENDPROC       _?SYS_HALL_DRV
  -------         PROC          _?SYS_GET_HALLEVENT
  -------         DO            
  i:0000H         SYMBOL        a
  -------         ENDDO         
  C:26B8H         LINE#         39
  C:26BAH         LINE#         41
  C:26BEH         LINE#         42
  C:26C1H         LINE#         43
  C:26C3H         LINE#         44
  -------         ENDPROC       _?SYS_GET_HALLEVENT
BL51 BANKED LINKER/LOCATER V6.22                                                      09/10/2026  14:48:56  PAGE 16


  -------         PROC          HALLINIT
  C:2524H         LINE#         46
  C:2524H         LINE#         47
  C:2524H         LINE#         48
  C:2532H         LINE#         49
  C:2540H         LINE#         50
  -------         ENDPROC       HALLINIT
  -------         PROC          GETHALLACT
  -------         DO            
  D:0007H         SYMBOL        a
  -------         ENDDO         
  C:0003H         LINE#         52
  C:0003H         LINE#         53
  C:0003H         LINE#         54
  C:0008H         LINE#         55
  C:000AH         LINE#         56
  C:000AH         LINE#         57
  -------         ENDPROC       GETHALLACT
  -------         ENDMOD        HALL

  -------         MODULE        KEY
  C:0000H         SYMBOL        _ICE_DUMMY_
  D:0080H         PUBLIC        P0
  D:0090H         PUBLIC        P1
  D:00A0H         PUBLIC        P2
  D:00B0H         PUBLIC        P3
  D:00C0H         PUBLIC        P4
  D:00C8H         PUBLIC        P5
  D:00E8H         PUBLIC        P6
  D:00F8H         PUBLIC        P7
  D:00A8H         PUBLIC        IE
  D:006FH         PUBLIC        sys_keyEvent
  D:00B8H         PUBLIC        IP
  D:00D8H         PUBLIC        CCON
  C:26C6H         PUBLIC        _?sys_get_keyEvent
  D:0098H         PUBLIC        SCON
  D:0088H         PUBLIC        TCON
  C:0F61H         PUBLIC        _?sys_key_drv
  C:2541H         PUBLIC        KeyInit
  B:00B0H.2       PUBLIC        IO_Key1
  B:00B0H.3       PUBLIC        IO_Key2
  B:0090H.7       PUBLIC        IO_Key3
  C:20DEH         PUBLIC        _GetKeyAct
  X:013EH         PUBLIC        sys_Key
  D:00D0H         PUBLIC        PSW
  -------         PROC          _?SYS_KEY_DRV
  -------         DO            
  i:0000H         SYMBOL        i
  X:013DH         SYMBOL        counter
  -------         ENDDO         
  C:0F61H         LINE#         28
  C:0F63H         LINE#         31
  C:0F6CH         LINE#         32
  C:0F75H         LINE#         33
  C:0F7EH         LINE#         34
  C:0F89H         LINE#         35
  C:0F8CH         LINE#         36
BL51 BANKED LINKER/LOCATER V6.22                                                      09/10/2026  14:48:56  PAGE 17


  C:0F9EH         LINE#         37
  C:0FBCH         LINE#         38
  C:0FD5H         LINE#         39
  C:0FF1H         LINE#         40
  C:0FF3H         LINE#         41
  C:0FF3H         LINE#         42
  C:0FF5H         LINE#         44
  C:1016H         LINE#         45
  C:102CH         LINE#         46
  C:102FH         LINE#         47
  C:102FH         LINE#         48
  C:102FH         LINE#         49
  C:1062H         LINE#         50
  C:107DH         LINE#         51
  C:1081H         LINE#         52
  C:1081H         LINE#         53
  -------         ENDPROC       _?SYS_KEY_DRV
  -------         PROC          _?SYS_GET_KEYEVENT
  -------         DO            
  i:0000H         SYMBOL        a
  -------         ENDDO         
  C:26C6H         LINE#         55
  C:26C8H         LINE#         57
  C:26CCH         LINE#         58
  C:26CFH         LINE#         59
  C:26D1H         LINE#         60
  -------         ENDPROC       _?SYS_GET_KEYEVENT
  -------         PROC          KEYINIT
  C:2541H         LINE#         62
  C:2541H         LINE#         63
  C:2541H         LINE#         64
  C:254FH         LINE#         65
  C:255DH         LINE#         66
  -------         ENDPROC       KEYINIT
  -------         PROC          _GETKEYACT
  D:0007H         SYMBOL        Key
  -------         DO            
  D:0006H         SYMBOL        a
  -------         ENDDO         
  C:20DEH         LINE#         68
  C:20DEH         LINE#         69
  C:20DEH         LINE#         70
  C:20E8H         LINE#         71
  C:2103H         LINE#         72
  C:2118H         LINE#         73
  C:211BH         LINE#         74
  C:211BH         LINE#         75
  C:211DH         LINE#         76
  -------         ENDPROC       _GETKEYACT
  -------         ENDMOD        KEY

  -------         MODULE        SYS
  C:0000H         SYMBOL        _ICE_DUMMY_
  X:0000H         PUBLIC        count_1mS
  B:00D8H.2       PUBLIC        CCF2
  D:0080H         PUBLIC        P0
  B:0020H.1       PUBLIC        flag_1S
BL51 BANKED LINKER/LOCATER V6.22                                                      09/10/2026  14:48:56  PAGE 18


  D:0090H         PUBLIC        P1
  D:00A0H         PUBLIC        P2
  D:00B0H         PUBLIC        P3
  D:00C0H         PUBLIC        P4
  X:0001H         PUBLIC        T1
  D:00C8H         PUBLIC        P5
  X:0003H         PUBLIC        T2
  B:00A8H.7       PUBLIC        EA
  D:00E8H         PUBLIC        P6
  D:00F8H         PUBLIC        P7
  D:0009H         PUBLIC        IrDatNum
  B:00D8H.7       PUBLIC        CF
  B:0020H.2       PUBLIC        Ir_Coder
  B:0020H.3       PUBLIC        Ir_RxBusy
  D:00A8H         PUBLIC        IE
  B:0020H.4       PUBLIC        Ir_TxBusy
  X:0005H         PUBLIC        userfunccall
  D:00FAH         PUBLIC        CCAP0H
  D:00FBH         PUBLIC        CCAP1H
  C:1B8CH         PUBLIC        sys_task_Ir
  D:000AH         PUBLIC        IrCount_j
  D:000BH         PUBLIC        IrRx_count
  D:000CH         PUBLIC        IrProtocol
  D:00EAH         PUBLIC        CCAP0L
  D:000DH         PUBLIC        IrTx_count
  D:00EBH         PUBLIC        CCAP1L
  D:00DAH         PUBLIC        CCAPM0
  D:00DBH         PUBLIC        CCAPM1
  D:000EH         PUBLIC        MainLoops
  D:00B8H         PUBLIC        IP
  B:00D0H.7       PUBLIC        CY
  B:0020H.5       PUBLIC        flag_10mS
  D:00D8H         PUBLIC        CCON
  C:2745H         PUBLIC        GetBeepTimer
  C:1EECH         PUBLIC        sys_Timer0_isr
  C:1C17H         PUBLIC        _SetEventCallBack
  C:2778H         PUBLIC        MySTC_Init
  C:211EH         PUBLIC        sys_task_100mS
  D:0012H         PUBLIC        ModBus_interval_time
  C:0026H         PUBLIC        _?ret0func
  C:1E99H         PUBLIC        GetUltraSonic
  X:0029H         PUBLIC        count_10mS
  X:002AH         PUBLIC        stcDrivers
  C:274EH         PUBLIC        _SetBeepTimer
  B:0020H.6       PUBLIC        flag_IrRxFinished
  D:0098H         PUBLIC        SCON
  C:263FH         PUBLIC        _SetCCP0
  C:215DH         PUBLIC        MySTC_OS
  D:0089H         PUBLIC        TMOD
  D:0088H         PUBLIC        TCON
  B:0020H.7       PUBLIC        flag_Ir
  B:00B0H.5       PUBLIC        P35
  D:0013H         PUBLIC        IrRxNum
  X:0060H         PUBLIC        SysPerformance
  D:008EH         PUBLIC        AUXR
  C:1881H         PUBLIC        sys_CCP_isr
  C:139DH         PUBLIC        sys_task_1mS
BL51 BANKED LINKER/LOCATER V6.22                                                      09/10/2026  14:48:56  PAGE 19


  B:00A8H.1       PUBLIC        ET0
  C:003EH         PUBLIC        ClrBeepPin
  D:008CH         PUBLIC        TH0
  B:0021H.0       PUBLIC        flag_100mS
  X:0065H         PUBLIC        distance
  D:008AH         PUBLIC        TL0
  D:0014H         PUBLIC        PollingMisses
  X:0067H         PUBLIC        sys_BP
  B:0088H.4       PUBLIC        TR0
  C:2352H         PUBLIC        sys_task_1S
  C:275EH         PUBLIC        GetSysPerformance
  B:0021H.1       PUBLIC        matchModBus
  X:006DH         PUBLIC        count_100mS
  B:0021H.2       PUBLIC        Ir_BitBusy
  D:0015H         PUBLIC        IrDat_count
  D:0016H         PUBLIC        IrMute_count
  B:0021H.3       PUBLIC        newFrame1
  C:1F86H         PUBLIC        sys_Timer0_Init
  B:0021H.4       PUBLIC        newFrame2
  D:0017H         PUBLIC        IrDataPc
  C:0029H         PUBLIC        _?nullfunc
  B:0021H.5       PUBLIC        flag_1mS
  B:0021H.6       PUBLIC        newUS
  D:008FH         PUBLIC        INT_CLKO
  C:1A6DH         PUBLIC        sys_task_10mS
  D:00D0H         PUBLIC        PSW
  B:00D8H.0       PUBLIC        CCF0
  B:00B0H.4       PUBLIC        Beep
  B:00D8H.1       PUBLIC        CCF1
  -------         PROC          _?NULLFUNC
  C:0029H         LINE#         13
  -------         ENDPROC       _?NULLFUNC
  -------         PROC          _?RET0FUNC
  C:0026H         LINE#         14
  -------         ENDPROC       _?RET0FUNC
  -------         PROC          SYS_TIMER0_INIT
  C:1F86H         LINE#         96
  C:1F86H         LINE#         97
  C:1F89H         LINE#         98
  C:1F8CH         LINE#         99
  C:1FA2H         LINE#         100
  C:1FC8H         LINE#         101
  C:1FCAH         LINE#         102
  C:1FCCH         LINE#         103
  -------         ENDPROC       SYS_TIMER0_INIT
  -------         PROC          SYS_TIMER0_ISR
  -------         DO            
  D:0008H         SYMBOL        i
  -------         ENDDO         
  C:1EECH         LINE#         105
  C:1EF0H         LINE#         107
  C:1EF3H         LINE#         108
  C:1EF6H         LINE#         109
  C:1EFBH         LINE#         110
  C:1EFDH         LINE#         111
  C:1EFDH         LINE#         112
  C:1F03H         LINE#         113
BL51 BANKED LINKER/LOCATER V6.22                                                      09/10/2026  14:48:56  PAGE 20


  C:1F09H         LINE#         114
  C:1F0CH         LINE#         115
  C:1F0EH         LINE#         116
  C:1F11H         LINE#         117
  C:1F15H         LINE#         118
  C:1F17H         LINE#         119
  C:1F1AH         LINE#         120
  C:1F1CH         LINE#         122
  C:1F1FH         LINE#         123
  C:1F21H         LINE#         124
  C:1F26H         LINE#         125
  C:1F26H         LINE#         126
  C:1F28H         LINE#         128
  C:1F31H         LINE#         129
  C:1F33H         LINE#         130
  C:1F39H         LINE#         131
  C:1F39H         LINE#         132
  C:1F39H         LINE#         133
  C:1F39H         LINE#         134
  -------         ENDPROC       SYS_TIMER0_ISR
  -------         PROC          GETULTRASONIC
  -------         DO            
  D:006AH         SYMBOL        a
  -------         ENDDO         
  C:1E99H         LINE#         138
  C:1E99H         LINE#         139
  C:1E99H         LINE#         140
  C:1E9CH         LINE#         141
  C:1E9EH         LINE#         142
  C:1EADH         LINE#         143
  C:1EE3H         LINE#         144
  C:1EE3H         LINE#         145
  C:1EEBH         LINE#         146
  -------         ENDPROC       GETULTRASONIC
  -------         PROC          GETBEEPTIMER
  C:2745H         LINE#         148
  C:2745H         LINE#         149
  C:274DH         LINE#         150
  -------         ENDPROC       GETBEEPTIMER
  -------         PROC          _SETBEEPTIMER
  D:0006H         SYMBOL        a
  C:274EH         LINE#         152
  C:274EH         LINE#         153
  C:2756H         LINE#         154
  -------         ENDPROC       _SETBEEPTIMER
  -------         PROC          _SETCCP0
  D:0006H         SYMBOL        step
  D:0004H         SYMBOL        next
  C:263FH         LINE#         156
  C:263FH         LINE#         157
  C:2647H         LINE#         158
  C:264FH         LINE#         159
  -------         ENDPROC       _SETCCP0
  -------         PROC          CLRBEEPPIN
  C:003EH         LINE#         161
  C:003EH         LINE#         162
  C:0040H         LINE#         163
BL51 BANKED LINKER/LOCATER V6.22                                                      09/10/2026  14:48:56  PAGE 21


  -------         ENDPROC       CLRBEEPPIN
  -------         PROC          SYS_CCP_ISR
  -------         DO            
  B:0020H.0       SYMBOL        a
  -------         ENDDO         
  C:1881H         LINE#         165
  C:1894H         LINE#         167
  C:189BH         LINE#         168
  C:18A2H         LINE#         169
  C:18A5H         LINE#         170
  C:18A7H         LINE#         171
  C:18B7H         LINE#         172
  C:18BEH         LINE#         173
  C:18C1H         LINE#         174
  C:18C3H         LINE#         175
  C:18C5H         LINE#         177
  C:18D9H         LINE#         178
  C:18DCH         LINE#         179
  C:18DEH         LINE#         180
  C:18E0H         LINE#         181
  C:18E2H         LINE#         183
  C:18E2H         LINE#         184
  C:18E5H         LINE#         185
  C:18E7H         LINE#         186
  C:18F1H         LINE#         187
  C:18F3H         LINE#         188
  C:18FCH         LINE#         189
  C:18FFH         LINE#         190
  C:1911H         LINE#         191
  C:1913H         LINE#         193
  C:1915H         LINE#         194
  C:1918H         LINE#         195
  C:1918H         LINE#         196
  C:1918H         LINE#         197
  -------         ENDPROC       SYS_CCP_ISR
  -------         PROC          MYSTC_INIT
  C:2778H         LINE#         199
  C:2778H         LINE#         200
  C:277BH         LINE#         201
  C:277DH         LINE#         202
  -------         ENDPROC       MYSTC_INIT
  -------         PROC          SYS_TASK_IR
  -------         DO            
  D:0007H         SYMBOL        a
  -------         ENDDO         
  C:1B8CH         LINE#         204
  C:1B8CH         LINE#         205
  C:1B8CH         LINE#         206
  C:1BA2H         LINE#         207
  C:1BA9H         LINE#         208
  C:1BACH         LINE#         209
  C:1BAFH         LINE#         210
  C:1BC5H         LINE#         211
  C:1BD5H         LINE#         212
  C:1BDDH         LINE#         213
  C:1BE0H         LINE#         214
  C:1BE2H         LINE#         216
BL51 BANKED LINKER/LOCATER V6.22                                                      09/10/2026  14:48:56  PAGE 22


  C:1BF8H         LINE#         217
  C:1C0CH         LINE#         218
  C:1C0CH         LINE#         219
  C:1C0EH         LINE#         220
  C:1C11H         LINE#         222
  C:1C11H         LINE#         224
  C:1C13H         LINE#         225
  C:1C16H         LINE#         226
  C:1C16H         LINE#         227
  -------         ENDPROC       SYS_TASK_IR
  -------         PROC          SYS_TASK_1MS
  C:139DH         LINE#         229
  C:139DH         LINE#         230
  C:13A5H         LINE#         231
  C:13A8H         LINE#         232
  C:13AAH         LINE#         233
  C:13B2H         LINE#         234
  C:13B5H         LINE#         235
  C:13B7H         LINE#         236
  C:13BFH         LINE#         237
  C:13C2H         LINE#         238
  C:13C4H         LINE#         239
  C:13C4H         LINE#         240
  C:13C4H         LINE#         241
  C:13C4H         LINE#         242
  C:13D0H         LINE#         243
  C:13DCH         LINE#         244
  C:13E8H         LINE#         245
  C:13F4H         LINE#         246
  C:1400H         LINE#         247
  C:140CH         LINE#         248
  C:1427H         LINE#         249
  C:1436H         LINE#         250
  C:1442H         LINE#         251
  C:1444H         LINE#         252
  C:1444H         LINE#         253
  C:144BH         LINE#         254
  C:144EH         LINE#         255
  C:145DH         LINE#         256
  C:145FH         LINE#         257
  C:145FH         LINE#         258
  C:1461H         LINE#         260
  C:1470H         LINE#         261
  C:147CH         LINE#         262
  C:147EH         LINE#         263
  C:147EH         LINE#         264
  C:147EH         LINE#         265
  -------         ENDPROC       SYS_TASK_1MS
  -------         PROC          SYS_TASK_10MS
  C:1A6DH         LINE#         268
  C:1A6DH         LINE#         269
  C:1A79H         LINE#         270
  C:1A85H         LINE#         271
  C:1A91H         LINE#         272
  C:1A9DH         LINE#         273
  C:1AB8H         LINE#         274
  C:1AD3H         LINE#         275
BL51 BANKED LINKER/LOCATER V6.22                                                      09/10/2026  14:48:56  PAGE 23


  C:1AEEH         LINE#         276
  C:1AF1H         LINE#         277
  C:1AF3H         LINE#         278
  C:1AFFH         LINE#         279
  C:1AFFH         LINE#         280
  -------         ENDPROC       SYS_TASK_10MS
  -------         PROC          SYS_TASK_100MS
  C:211EH         LINE#         282
  C:211EH         LINE#         283
  C:212AH         LINE#         284
  C:2145H         LINE#         285
  C:2151H         LINE#         286
  -------         ENDPROC       SYS_TASK_100MS
  -------         PROC          SYS_TASK_1S
  C:2352H         LINE#         289
  C:2352H         LINE#         290
  C:2360H         LINE#         291
  C:2366H         LINE#         292
  C:236FH         LINE#         293
  C:2371H         LINE#         294
  -------         ENDPROC       SYS_TASK_1S
  -------         PROC          MYSTC_OS
  C:215DH         LINE#         297
  C:215DH         LINE#         298
  C:2165H         LINE#         299
  C:216DH         LINE#         300
  C:2175H         LINE#         301
  C:217DH         LINE#         302
  C:2185H         LINE#         303
  C:219AH         LINE#         306
  -------         ENDPROC       MYSTC_OS
  -------         PROC          _SETEVENTCALLBACK
  D:0007H         SYMBOL        event
  D:002AH         SYMBOL        user_callback
  C:1C17H         LINE#         308
  C:1C1DH         LINE#         309
  C:1C4EH         LINE#         310
  C:1C51H         LINE#         311
  C:1C53H         LINE#         312
  C:1C56H         LINE#         313
  C:1C58H         LINE#         314
  C:1C5BH         LINE#         315
  C:1C5DH         LINE#         316
  C:1C60H         LINE#         317
  C:1C62H         LINE#         318
  C:1C65H         LINE#         319
  C:1C67H         LINE#         320
  C:1C6AH         LINE#         321
  C:1C6CH         LINE#         322
  C:1C6FH         LINE#         323
  C:1C71H         LINE#         324
  C:1C74H         LINE#         325
  C:1C76H         LINE#         326
  C:1C79H         LINE#         327
  C:1C7BH         LINE#         328
  C:1C7EH         LINE#         329
  C:1C80H         LINE#         330
BL51 BANKED LINKER/LOCATER V6.22                                                      09/10/2026  14:48:56  PAGE 24


  C:1C83H         LINE#         331
  C:1C85H         LINE#         332
  C:1C93H         LINE#         333
  C:1C93H         LINE#         334
  C:1C93H         LINE#         335
  C:1C93H         LINE#         336
  -------         ENDPROC       _SETEVENTCALLBACK
  -------         PROC          GETSYSPERFORMANCE
  C:275EH         LINE#         338
  C:275EH         LINE#         339
  C:2764H         LINE#         340
  -------         ENDPROC       GETSYSPERFORMANCE
  -------         ENDMOD        SYS

  -------         MODULE        VIB
  C:0000H         SYMBOL        _ICE_DUMMY_
  D:0080H         PUBLIC        P0
  D:0090H         PUBLIC        P1
  D:00A0H         PUBLIC        P2
  D:00B0H         PUBLIC        P3
  D:00C0H         PUBLIC        P4
  D:00C8H         PUBLIC        P5
  D:00E8H         PUBLIC        P6
  D:00F8H         PUBLIC        P7
  D:00A8H         PUBLIC        IE
  X:0154H         PUBLIC        SV_Event
  C:26D4H         PUBLIC        _?sys_get_SVEvent
  C:002EH         PUBLIC        _?sys_SV_drv
  D:00B8H         PUBLIC        IP
  B:00A0H.4       PUBLIC        IO_SV
  D:00D8H         PUBLIC        CCON
  D:0098H         PUBLIC        SCON
  D:0088H         PUBLIC        TCON
  C:255EH         PUBLIC        VibInit
  C:2660H         PUBLIC        _?GetVibAct
  D:0070H         PUBLIC        sys_SVEvent
  D:00D0H         PUBLIC        PSW
  -------         PROC          _?SYS_SV_DRV
  C:002EH         LINE#         14
  C:002EH         LINE#         15
  C:0031H         LINE#         16
  C:0034H         LINE#         17
  C:003AH         LINE#         18
  C:003AH         LINE#         19
  -------         ENDPROC       _?SYS_SV_DRV
  -------         PROC          _?SYS_GET_SVEVENT
  -------         DO            
  i:0000H         SYMBOL        a
  -------         ENDDO         
  C:26D4H         LINE#         21
  C:26D6H         LINE#         23
  C:26DAH         LINE#         24
  C:26DDH         LINE#         25
  C:26DFH         LINE#         26
  -------         ENDPROC       _?SYS_GET_SVEVENT
  -------         PROC          VIBINIT
  C:255EH         LINE#         28
BL51 BANKED LINKER/LOCATER V6.22                                                      09/10/2026  14:48:56  PAGE 25


  C:255EH         LINE#         29
  C:255EH         LINE#         30
  C:256CH         LINE#         31
  C:257AH         LINE#         32
  -------         ENDPROC       VIBINIT
  -------         PROC          _?GETVIBACT
  -------         DO            
  i:0000H         SYMBOL        a
  -------         ENDDO         
  C:2660H         LINE#         34
  C:2662H         LINE#         36
  C:266AH         LINE#         37
  C:266CH         LINE#         38
  C:266CH         LINE#         39
  -------         ENDPROC       _?GETVIBACT
  -------         ENDMOD        VIB

  -------         MODULE        MUSIC
  C:0000H         SYMBOL        _ICE_DUMMY_
  D:0080H         PUBLIC        P0
  D:0090H         PUBLIC        P1
  D:00A0H         PUBLIC        P2
  D:00B0H         PUBLIC        P3
  D:00C0H         PUBLIC        P4
  D:00C8H         PUBLIC        P5
  D:00E8H         PUBLIC        P6
  D:00F8H         PUBLIC        P7
  C:266FH         PUBLIC        MusicPlayerInit
  D:00A8H         PUBLIC        IE
  C:040EH         PUBLIC        _?sys_music_drv
  D:00B8H         PUBLIC        IP
  C:277EH         PUBLIC        GetPlayerMode
  X:0124H         PUBLIC        music
  D:00D8H         PUBLIC        CCON
  C:23CEH         PUBLIC        _SetPlayerMode
  C:17D7H         PUBLIC        _PlayTone
  C:1E41H         PUBLIC        _SetMusic
  D:0098H         PUBLIC        SCON
  D:0088H         PUBLIC        TCON
  B:0022H.0       PUBLIC        beat_dir
  D:00D0H         PUBLIC        PSW
  -------         PROC          _PLAYTONE
  D:002AH         SYMBOL        tone
  D:002BH         SYMBOL        beatsPM
  D:002CH         SYMBOL        scale
  D:002DH         SYMBOL        beats
  -------         DO            
  D:002EH         SYMBOL        freq
  D:0004H         SYMBOL        playtime
  C:0E3BH         SYMBOL        sound_freq
  -------         ENDDO         
  C:17D7H         LINE#         22
  C:17DDH         LINE#         23
  C:17DDH         LINE#         34
  C:17E6H         LINE#         35
  C:181BH         LINE#         36
  C:181EH         LINE#         37
BL51 BANKED LINKER/LOCATER V6.22                                                      09/10/2026  14:48:56  PAGE 26


  C:185FH         LINE#         38
  C:1864H         LINE#         39
  C:1879H         LINE#         40
  C:1880H         LINE#         41
  C:1880H         LINE#         42
  -------         ENDPROC       _PLAYTONE
  -------         PROC          _?SYS_MUSIC_DRV
  -------         DO            
  i:0000H         SYMBOL        a
  i:0001H         SYMBOL        b
  X:0121H         SYMBOL        scale
  X:0122H         SYMBOL        repeat_pt
  -------         ENDDO         
  C:040EH         LINE#         44
  C:0412H         LINE#         48
  C:0433H         LINE#         49
  C:0437H         LINE#         50
  C:0441H         LINE#         52
  C:0441H         LINE#         54
  C:045DH         LINE#         55
  C:049BH         LINE#         56
  C:04BAH         LINE#         57
  C:04CCH         LINE#         58
  C:04E1H         LINE#         59
  C:04F8H         LINE#         60
  C:0524H         LINE#         61
  C:0547H         LINE#         62
  C:054FH         LINE#         63
  C:0551H         LINE#         64
  C:0558H         LINE#         65
  C:0558H         LINE#         67
  C:0570H         LINE#         68
  C:0579H         LINE#         69
  C:059BH         LINE#         70
  C:05B8H         LINE#         71
  C:05D9H         LINE#         72
  C:05E7H         LINE#         73
  C:05E9H         LINE#         74
  C:060AH         LINE#         75
  C:0618H         LINE#         76
  C:061BH         LINE#         77
  C:061BH         LINE#         78
  C:061BH         LINE#         79
  C:061BH         LINE#         80
  C:063CH         LINE#         81
  C:063FH         LINE#         82
  C:0652H         LINE#         83
  C:0655H         LINE#         84
  C:0672H         LINE#         85
  C:0680H         LINE#         86
  C:0683H         LINE#         87
  C:0691H         LINE#         88
  C:0694H         LINE#         89
  C:0694H         LINE#         90
  C:0694H         LINE#         91
  C:06A9H         LINE#         92
  C:06CAH         LINE#         93
BL51 BANKED LINKER/LOCATER V6.22                                                      09/10/2026  14:48:56  PAGE 27


  C:06F7H         LINE#         94
  C:06F7H         LINE#         95
  C:06F7H         LINE#         96
  C:06F9H         LINE#         98
  C:06FFH         LINE#         100
  C:06FFH         LINE#         101
  -------         ENDPROC       _?SYS_MUSIC_DRV
  -------         PROC          MUSICPLAYERINIT
  C:266FH         LINE#         103
  C:266FH         LINE#         104
  C:266FH         LINE#         105
  C:267DH         LINE#         106
  -------         ENDPROC       MUSICPLAYERINIT
  -------         PROC          _SETMUSIC
  D:0007H         SYMBOL        beatsPM
  D:0005H         SYMBOL        tone
  D:0001H         SYMBOL        pt
  D:0067H         SYMBOL        datasize
  D:0069H         SYMBOL        display
  C:1E41H         LINE#         108
  C:1E41H         LINE#         109
  C:1E48H         LINE#         110
  C:1E4FH         LINE#         111
  C:1E53H         LINE#         112
  C:1E55H         LINE#         113
  C:1E55H         LINE#         114
  C:1E5CH         LINE#         115
  C:1E63H         LINE#         116
  C:1E7DH         LINE#         117
  C:1E88H         LINE#         118
  C:1E90H         LINE#         119
  C:1E90H         LINE#         120
  C:1E98H         LINE#         122
  -------         ENDPROC       _SETMUSIC
  -------         PROC          _SETPLAYERMODE
  D:0007H         SYMBOL        play_ctrl
  C:23CEH         LINE#         124
  C:23CEH         LINE#         125
  C:23F0H         LINE#         126
  C:23F5H         LINE#         127
  -------         ENDPROC       _SETPLAYERMODE
  -------         PROC          GETPLAYERMODE
  C:277EH         LINE#         129
  C:277EH         LINE#         130
  C:2783H         LINE#         131
  -------         ENDPROC       GETPLAYERMODE
  -------         ENDMOD        MUSIC

  -------         MODULE        DS1302
  C:0000H         SYMBOL        _ICE_DUMMY_
  D:0080H         PUBLIC        P0
  D:0090H         PUBLIC        P1
  D:00A0H         PUBLIC        P2
  D:00B0H         PUBLIC        P3
  D:00C0H         PUBLIC        P4
  C:25CBH         PUBLIC        _DS1302WriteByte
  D:00C8H         PUBLIC        P5
BL51 BANKED LINKER/LOCATER V6.22                                                      09/10/2026  14:48:56  PAGE 28


  D:00E8H         PUBLIC        P6
  D:00F8H         PUBLIC        P7
  D:00A8H         PUBLIC        IE
  D:00B8H         PUBLIC        IP
  X:0148H         PUBLIC        RTCtime
  B:00C8H.4       PUBLIC        RTC_io
  D:00D8H         PUBLIC        CCON
  B:0090H.6       PUBLIC        RTC_rst
  X:014FH         PUBLIC        flag_newRTC
  D:0098H         PUBLIC        SCON
  D:0088H         PUBLIC        TCON
  C:2765H         PUBLIC        RTC_Read
  C:1929H         PUBLIC        _?sys_DS1302_drv
  C:262DH         PUBLIC        _NVM_Read
  C:25E4H         PUBLIC        RTC_Write
  C:230CH         PUBLIC        _DS1302Read
  C:237DH         PUBLIC        _NVM_Write
  C:24CBH         PUBLIC        _DS1302Write
  C:2615H         PUBLIC        DS1302ReadByte
  C:129FH         PUBLIC        DS1302Init
  B:0090H.5       PUBLIC        RTC_sclk
  D:00D0H         PUBLIC        PSW
  -------         PROC          _DS1302WRITEBYTE
  D:0007H         SYMBOL        dat
  -------         DO            
  D:0006H         SYMBOL        i
  -------         ENDDO         
  C:25CBH         LINE#         52
  C:25CBH         LINE#         53
  C:25CBH         LINE#         54
  C:25CDH         LINE#         55
  C:25CFH         LINE#         56
  C:25D3H         LINE#         57
  C:25D4H         LINE#         58
  C:25D5H         LINE#         59
  C:25D6H         LINE#         60
  C:25D8H         LINE#         61
  C:25D9H         LINE#         62
  C:25DDH         LINE#         63
  C:25DFH         LINE#         64
  C:25E3H         LINE#         65
  -------         ENDPROC       _DS1302WRITEBYTE
  -------         PROC          DS1302READBYTE
  -------         DO            
  D:0006H         SYMBOL        i
  D:0007H         SYMBOL        dat
  -------         ENDDO         
  C:2615H         LINE#         67
  C:2615H         LINE#         68
  C:2615H         LINE#         69
  C:2617H         LINE#         70
  C:261BH         LINE#         71
  C:2621H         LINE#         72
  C:2623H         LINE#         73
  C:2624H         LINE#         74
  C:2625H         LINE#         75
  C:2626H         LINE#         76
BL51 BANKED LINKER/LOCATER V6.22                                                      09/10/2026  14:48:56  PAGE 29


  C:2628H         LINE#         77
  C:262CH         LINE#         78
  C:262CH         LINE#         79
  -------         ENDPROC       DS1302READBYTE
  -------         PROC          L?0042
  -------         ENDPROC       L?0042
  -------         PROC          _DS1302READ
  D:0007H         SYMBOL        cmd
  -------         DO            
  D:0007H         SYMBOL        dat
  -------         ENDDO         
  C:230CH         LINE#         81
  C:230CH         LINE#         82
  C:230CH         LINE#         84
  C:230EH         LINE#         85
  C:230FH         LINE#         86
  C:2310H         LINE#         87
  C:2311H         LINE#         88
  C:2313H         LINE#         89
  C:2314H         LINE#         90
  C:2315H         LINE#         91
  C:2316H         LINE#         92
  C:2318H         LINE#         93
  C:2319H         LINE#         94
  C:231CH         LINE#         95
  C:231FH         LINE#         96
  C:2321H         LINE#         97
  C:2322H         LINE#         98
  C:2323H         LINE#         99
  C:2324H         LINE#         100
  C:2326H         LINE#         101
  C:2326H         LINE#         102
  -------         ENDPROC       _DS1302READ
  -------         PROC          L?0043
  -------         ENDPROC       L?0043
  -------         PROC          _DS1302WRITE
  D:0007H         SYMBOL        cmd
  D:0005H         SYMBOL        dat
  C:24CBH         LINE#         104
  C:24CBH         LINE#         105
  C:24CDH         LINE#         106
  C:24CEH         LINE#         107
  C:24CFH         LINE#         108
  C:24D0H         LINE#         109
  C:24D2H         LINE#         110
  C:24D3H         LINE#         111
  C:24D4H         LINE#         112
  C:24D5H         LINE#         113
  C:24D7H         LINE#         114
  C:24D8H         LINE#         115
  C:24DBH         LINE#         116
  C:24E0H         LINE#         117
  C:24E2H         LINE#         118
  C:24E3H         LINE#         119
  C:24E4H         LINE#         120
  C:24E5H         LINE#         121
  C:24E7H         LINE#         122
BL51 BANKED LINKER/LOCATER V6.22                                                      09/10/2026  14:48:56  PAGE 30


  -------         ENDPROC       _DS1302WRITE
  -------         PROC          RTC_READ
  C:2765H         LINE#         124
  C:2765H         LINE#         125
  C:276BH         LINE#         126
  -------         ENDPROC       RTC_READ
  -------         PROC          RTC_WRITE
  D:0031H         SYMBOL        t
  C:25E4H         LINE#         128
  C:25E4H         LINE#         129
  C:25F7H         LINE#         130
  C:25FCH         LINE#         131
  -------         ENDPROC       RTC_WRITE
  -------         PROC          _NVM_READ
  D:0007H         SYMBOL        NVM_addr
  C:262DH         LINE#         133
  C:262DH         LINE#         134
  C:263CH         LINE#         135
  C:263EH         LINE#         136
  -------         ENDPROC       _NVM_READ
  -------         PROC          _NVM_WRITE
  D:0004H         SYMBOL        NVM_addr
  D:0003H         SYMBOL        NVM_data
  C:237DH         LINE#         138
  C:2381H         LINE#         139
  C:2387H         LINE#         140
  C:238EH         LINE#         141
  C:2399H         LINE#         142
  C:23A0H         LINE#         143
  C:23A3H         LINE#         144
  C:23A3H         LINE#         145
  C:23A5H         LINE#         146
  -------         ENDPROC       _NVM_WRITE
  -------         PROC          _?SYS_DS1302_DRV
  -------         DO            
  X:0147H         SYMBOL        count100mS
  i:0000H         SYMBOL        a
  -------         ENDDO         
  C:1929H         LINE#         148
  C:192BH         LINE#         151
  C:1931H         LINE#         152
  C:193AH         LINE#         153
  C:1944H         LINE#         154
  C:1948H         LINE#         155
  C:1951H         LINE#         156
  C:1956H         LINE#         157
  C:1959H         LINE#         158
  C:1959H         LINE#         159
  C:1959H         LINE#         160
  C:195FH         LINE#         161
  C:1969H         LINE#         162
  C:1973H         LINE#         163
  C:1973H         LINE#         164
  C:1973H         LINE#         165
  C:1975H         LINE#         166
  C:1982H         LINE#         167
  C:1984H         LINE#         168
BL51 BANKED LINKER/LOCATER V6.22                                                      09/10/2026  14:48:56  PAGE 31


  C:1989H         LINE#         169
  C:1990H         LINE#         170
  C:199AH         LINE#         171
  C:199FH         LINE#         172
  C:19A4H         LINE#         173
  C:19ACH         LINE#         174
  C:19B4H         LINE#         175
  C:19BCH         LINE#         176
  C:19C4H         LINE#         177
  C:19CBH         LINE#         178
  C:19CBH         LINE#         179
  -------         ENDPROC       _?SYS_DS1302_DRV
  -------         PROC          DS1302INIT
  D:002AH         SYMBOL        t
  C:129FH         LINE#         181
  C:129FH         LINE#         182
  C:129FH         LINE#         183
  C:12A9H         LINE#         184
  C:12B0H         LINE#         185
  C:12B0H         LINE#         186
  C:12B0H         LINE#         187
  C:12B6H         LINE#         188
  C:12BEH         LINE#         189
  C:12C6H         LINE#         191
  C:12CDH         LINE#         193
  C:1350H         LINE#         201
  C:1366H         LINE#         202
  C:136DH         LINE#         203
  C:1380H         LINE#         204
  C:1380H         LINE#         205
  C:1387H         LINE#         206
  C:138EH         LINE#         207
  C:139CH         LINE#         208
  -------         ENDPROC       DS1302INIT
  -------         ENDMOD        DS1302

  -------         MODULE        M24C02
  C:0000H         SYMBOL        _ICE_DUMMY_
  D:0080H         PUBLIC        P0
  D:0090H         PUBLIC        P1
  D:00A0H         PUBLIC        P2
  D:00B0H         PUBLIC        P3
  D:00C0H         PUBLIC        P4
  D:00C8H         PUBLIC        P5
  D:00E8H         PUBLIC        P6
  D:00F8H         PUBLIC        P7
  D:00A8H         PUBLIC        IE
  C:2429H         PUBLIC        respons
  D:00B8H         PUBLIC        IP
  B:00D0H.7       PUBLIC        CY
  D:00D8H         PUBLIC        CCON
  C:2650H         PUBLIC        start
  D:0098H         PUBLIC        SCON
  D:0088H         PUBLIC        TCON
  C:257BH         PUBLIC        _M24C02_Read
  C:26E2H         PUBLIC        stop
  C:000EH         PUBLIC        _M24C02_Write
BL51 BANKED LINKER/LOCATER V6.22                                                      09/10/2026  14:48:56  PAGE 32


  C:2466H         PUBLIC        readbyte
  B:00C0H.0       PUBLIC        SDA
  B:00C8H.5       PUBLIC        SCL
  C:2442H         PUBLIC        _writebyte
  D:00D0H         PUBLIC        PSW
  -------         PROC          START
  C:2650H         LINE#         9
  C:2650H         LINE#         10
  C:2652H         LINE#         11
  C:2653H         LINE#         12
  C:2654H         LINE#         13
  C:2655H         LINE#         14
  C:2657H         LINE#         15
  C:2658H         LINE#         16
  C:2659H         LINE#         17
  C:265AH         LINE#         18
  C:265CH         LINE#         19
  C:265DH         LINE#         20
  C:265EH         LINE#         21
  C:265FH         LINE#         22
  -------         ENDPROC       START
  -------         PROC          STOP
  C:26E2H         LINE#         24
  C:26E2H         LINE#         25
  C:26E4H         LINE#         26
  C:26E5H         LINE#         27
  C:26E6H         LINE#         28
  C:26E7H         LINE#         29
  C:26E9H         LINE#         30
  C:26EAH         LINE#         31
  C:26EBH         LINE#         32
  C:26ECH         LINE#         33
  C:26EEH         LINE#         34
  -------         ENDPROC       STOP
  -------         PROC          L?0016
  -------         ENDPROC       L?0016
  -------         PROC          RESPONS
  -------         DO            
  D:0007H         SYMBOL        i
  -------         ENDDO         
  C:2429H         LINE#         36
  C:2429H         LINE#         37
  C:242BH         LINE#         38
  C:242DH         LINE#         39
  C:2439H         LINE#         40
  C:243AH         LINE#         41
  C:243BH         LINE#         42
  C:243CH         LINE#         43
  C:243EH         LINE#         44
  C:243FH         LINE#         45
  C:2440H         LINE#         46
  C:2441H         LINE#         47
  -------         ENDPROC       RESPONS
  -------         PROC          _WRITEBYTE
  D:0007H         SYMBOL        date
  -------         DO            
  D:0006H         SYMBOL        i
BL51 BANKED LINKER/LOCATER V6.22                                                      09/10/2026  14:48:56  PAGE 33


  D:0007H         SYMBOL        temp
  -------         ENDDO         
  C:2442H         LINE#         49
  C:2442H         LINE#         50
  C:2442H         LINE#         51
  C:2442H         LINE#         52
  C:2444H         LINE#         53
  C:2448H         LINE#         54
  C:244AH         LINE#         55
  C:244BH         LINE#         56
  C:244CH         LINE#         57
  C:244DH         LINE#         58
  C:244FH         LINE#         59
  C:2450H         LINE#         60
  C:2451H         LINE#         61
  C:2452H         LINE#         62
  C:2454H         LINE#         63
  C:2455H         LINE#         64
  C:2456H         LINE#         65
  C:2457H         LINE#         66
  C:245BH         LINE#         67
  C:245DH         LINE#         68
  C:245EH         LINE#         69
  C:245FH         LINE#         70
  C:2460H         LINE#         71
  C:2462H         LINE#         72
  C:2463H         LINE#         73
  C:2464H         LINE#         74
  C:2465H         LINE#         75
  -------         ENDPROC       _WRITEBYTE
  -------         PROC          READBYTE
  -------         DO            
  D:0006H         SYMBOL        i
  D:0007H         SYMBOL        k
  -------         ENDDO         
  C:2466H         LINE#         77
  C:2466H         LINE#         78
  C:2466H         LINE#         79
  C:2468H         LINE#         80
  C:2469H         LINE#         81
  C:246AH         LINE#         82
  C:246BH         LINE#         83
  C:246DH         LINE#         84
  C:246EH         LINE#         85
  C:2470H         LINE#         86
  C:2472H         LINE#         87
  C:2473H         LINE#         88
  C:2474H         LINE#         89
  C:247EH         LINE#         90
  C:247FH         LINE#         91
  C:2480H         LINE#         92
  C:2482H         LINE#         93
  C:2483H         LINE#         94
  C:2487H         LINE#         95
  C:2487H         LINE#         96
  -------         ENDPROC       READBYTE
  -------         PROC          _M24C02_WRITE
BL51 BANKED LINKER/LOCATER V6.22                                                      09/10/2026  14:48:56  PAGE 34


  D:0004H         SYMBOL        NVM_addr
  D:0005H         SYMBOL        NVM_data
  C:000EH         LINE#         98
  C:0010H         LINE#         99
  C:0013H         LINE#         100
  C:0018H         LINE#         101
  C:001BH         LINE#         102
  C:001DH         LINE#         103
  C:001DH         LINE#         104
  C:001DH         LINE#         105
  C:0020H         LINE#         106
  -------         ENDPROC       _M24C02_WRITE
  -------         PROC          _M24C02_READ
  D:0005H         SYMBOL        NVM_addr
  -------         DO            
  D:0007H         SYMBOL        date
  -------         ENDDO         
  C:257BH         LINE#         109
  C:257DH         LINE#         110
  C:257DH         LINE#         111
  C:2580H         LINE#         112
  C:2582H         LINE#         113
  C:2582H         LINE#         114
  C:2582H         LINE#         115
  C:2585H         LINE#         116
  C:2588H         LINE#         117
  C:258DH         LINE#         118
  C:2590H         LINE#         119
  C:2593H         LINE#         120
  C:2596H         LINE#         121
  C:2596H         LINE#         122
  -------         ENDPROC       _M24C02_READ
  -------         ENDMOD        M24C02

  -------         MODULE        UART2
  C:0000H         SYMBOL        _ICE_DUMMY_
  D:006CH         PUBLIC        ModBus_Interval_Min
  D:0080H         PUBLIC        P0
  C:0704H         PUBLIC        Uart2_isr
  D:0090H         PUBLIC        P1
  D:00A0H         PUBLIC        P2
  D:00B0H         PUBLIC        P3
  D:00C0H         PUBLIC        P4
  D:00C8H         PUBLIC        P5
  D:00E8H         PUBLIC        P6
  D:00F8H         PUBLIC        P7
  D:00BAH         PUBLIC        P_SW2
  D:00A8H         PUBLIC        IE
  D:00DBH         PUBLIC        CCAPM1
  D:00B8H         PUBLIC        IP
  C:002AH         PUBLIC        _?nullfunc0
  D:00D8H         PUBLIC        CCON
  C:2238H         PUBLIC        _SetUart2Rxd
  B:0090H.0       PUBLIC        P10
  B:0090H.1       PUBLIC        P11
  D:0098H         PUBLIC        SCON
  D:0088H         PUBLIC        TCON
BL51 BANKED LINKER/LOCATER V6.22                                                      09/10/2026  14:48:56  PAGE 35


  D:00AFH         PUBLIC        IE2
  D:008EH         PUBLIC        AUXR
  C:271DH         PUBLIC        GetUart2TxStatus
  D:00D6H         PUBLIC        T2H
  B:00B0H.7       PUBLIC        M485_TxEn
  D:00D7H         PUBLIC        T2L
  C:22CAH         PUBLIC        _Uart2Print
  D:009BH         PUBLIC        S2BUF
  D:009AH         PUBLIC        S2CON
  C:1722H         PUBLIC        _Uart2Init
  D:006DH         PUBLIC        Uart2usage
  C:267EH         PUBLIC        _?sys_get_Uart2RxdEvent
  X:00F7H         PUBLIC        com2
  D:00D0H         PUBLIC        PSW
  -------         PROC          UART2_ISR
  C:0704H         LINE#         19
  C:0721H         LINE#         20
  C:0726H         LINE#         21
  C:0729H         LINE#         22
  C:075DH         LINE#         24
  C:0762H         LINE#         25
  C:0768H         LINE#         26
  C:0768H         LINE#         27
  C:0768H         LINE#         29
  C:0770H         LINE#         30
  C:0773H         LINE#         31
  C:0776H         LINE#         32
  C:0778H         LINE#         33
  C:077FH         LINE#         34
  C:0781H         LINE#         35
  C:0781H         LINE#         36
  C:078AH         LINE#         37
  C:079EH         LINE#         38
  C:07B2H         LINE#         39
  C:07C1H         LINE#         40
  C:07CFH         LINE#         41
  C:0801H         LINE#         42
  C:080FH         LINE#         43
  C:080FH         LINE#         44
  C:0812H         LINE#         45
  C:0815H         LINE#         47
  C:0829H         LINE#         48
  C:083DH         LINE#         49
  C:084CH         LINE#         50
  C:085AH         LINE#         51
  C:0892H         LINE#         52
  C:08A0H         LINE#         53
  C:08A0H         LINE#         54
  C:08BBH         LINE#         55
  C:08BBH         LINE#         56
  C:08BBH         LINE#         57
  -------         ENDPROC       UART2_ISR
  -------         PROC          _?SYS_GET_UART2RXDEVENT
  -------         DO            
  i:0000H         SYMBOL        a
  -------         ENDDO         
  C:267EH         LINE#         59
BL51 BANKED LINKER/LOCATER V6.22                                                      09/10/2026  14:48:56  PAGE 36


  C:2680H         LINE#         61
  C:2688H         LINE#         62
  C:268AH         LINE#         63
  C:268AH         LINE#         64
  -------         ENDPROC       _?SYS_GET_UART2RXDEVENT
  -------         PROC          _?NULLFUNC0
  C:002AH         LINE#         66
  -------         ENDPROC       _?NULLFUNC0
  -------         PROC          _UART2INIT
  D:002AH         SYMBOL        band
  D:002EH         SYMBOL        Uart2mode
  C:1722H         LINE#         68
  C:172AH         LINE#         69
  C:172AH         LINE#         72
  C:172DH         LINE#         73
  C:1733H         LINE#         74
  C:1736H         LINE#         75
  C:173AH         LINE#         76
  C:1748H         LINE#         77
  C:174BH         LINE#         78
  C:174DH         LINE#         79
  C:174FH         LINE#         80
  C:1751H         LINE#         82
  C:1753H         LINE#         83
  C:1767H         LINE#         84
  C:176EH         LINE#         85
  C:1771H         LINE#         86
  C:1771H         LINE#         88
  C:1774H         LINE#         89
  C:1793H         LINE#         90
  C:17C2H         LINE#         91
  C:17C5H         LINE#         92
  C:17C8H         LINE#         93
  C:17D6H         LINE#         94
  -------         ENDPROC       _UART2INIT
  -------         PROC          _SETUART2RXD
  D:0001H         SYMBOL        RxdPt
  D:0004H         SYMBOL        Nmax
  D:002FH         SYMBOL        matchhead
  D:0032H         SYMBOL        matchheadsize
  C:2238H         LINE#         96
  C:2238H         LINE#         97
  C:2243H         LINE#         98
  C:2249H         LINE#         99
  C:2253H         LINE#         100
  C:2261H         LINE#         101
  C:2263H         LINE#         102
  C:2268H         LINE#         103
  -------         ENDPROC       _SETUART2RXD
  -------         PROC          _UART2PRINT
  D:0001H         SYMBOL        pt
  D:0004H         SYMBOL        num
  C:22CAH         LINE#         105
  C:22CAH         LINE#         106
  C:22D0H         LINE#         107
  C:22DBH         LINE#         108
  C:22E0H         LINE#         109
BL51 BANKED LINKER/LOCATER V6.22                                                      09/10/2026  14:48:56  PAGE 37


  C:22E6H         LINE#         110
  C:22EAH         LINE#         112
  C:22F0H         LINE#         113
  C:22F3H         LINE#         114
  C:22F6H         LINE#         115
  C:22F6H         LINE#         116
  C:22F8H         LINE#         117
  -------         ENDPROC       _UART2PRINT
  -------         PROC          GETUART2TXSTATUS
  C:271DH         LINE#         119
  C:271DH         LINE#         120
  C:2725H         LINE#         121
  C:2727H         LINE#         122
  -------         ENDPROC       GETUART2TXSTATUS
  -------         ENDMOD        UART2

  -------         MODULE        UART1
  C:0000H         SYMBOL        _ICE_DUMMY_
  C:0BE3H         PUBLIC        Uart1_isr
  D:0080H         PUBLIC        P0
  D:0090H         PUBLIC        P1
  D:00A0H         PUBLIC        P2
  D:00B0H         PUBLIC        P3
  D:00C0H         PUBLIC        P4
  D:00C8H         PUBLIC        P5
  D:00E8H         PUBLIC        P6
  D:00F8H         PUBLIC        P7
  D:00A8H         PUBLIC        IE
  B:00A8H.4       PUBLIC        ES
  D:00B8H         PUBLIC        IP
  B:0098H.0       PUBLIC        RI
  B:0098H.1       PUBLIC        TI
  D:00D8H         PUBLIC        CCON
  C:2269H         PUBLIC        _SetUart1Rxd
  D:0099H         PUBLIC        SBUF
  D:0098H         PUBLIC        SCON
  D:0089H         PUBLIC        TMOD
  D:0088H         PUBLIC        TCON
  D:008EH         PUBLIC        AUXR
  C:2728H         PUBLIC        GetUart1TxStatus
  B:00A8H.3       PUBLIC        ET1
  D:008DH         PUBLIC        TH1
  D:008BH         PUBLIC        TL1
  B:0088H.6       PUBLIC        TR1
  C:23F6H         PUBLIC        _Uart1Print
  C:1D0CH         PUBLIC        _Uart1Init
  C:268DH         PUBLIC        _?sys_get_Uart1RxdEvent
  X:010CH         PUBLIC        com1
  D:00D0H         PUBLIC        PSW
  -------         PROC          UART1_ISR
  C:0BE3H         LINE#         10
  C:0C00H         LINE#         11
  C:0C03H         LINE#         12
  C:0C05H         LINE#         13
  C:0C39H         LINE#         14
  C:0C3EH         LINE#         15
  C:0C3EH         LINE#         16
BL51 BANKED LINKER/LOCATER V6.22                                                      09/10/2026  14:48:56  PAGE 38


  C:0C44H         LINE#         17
  C:0C46H         LINE#         18
  C:0C49H         LINE#         19
  C:0C4BH         LINE#         20
  C:0C52H         LINE#         21
  C:0C52H         LINE#         22
  C:0C66H         LINE#         23
  C:0C7AH         LINE#         24
  C:0C89H         LINE#         25
  C:0C97H         LINE#         26
  C:0CCFH         LINE#         27
  C:0CDDH         LINE#         28
  C:0CDDH         LINE#         29
  C:0CF8H         LINE#         30
  C:0CF8H         LINE#         31
  -------         ENDPROC       UART1_ISR
  -------         PROC          _?SYS_GET_UART1RXDEVENT
  -------         DO            
  i:0000H         SYMBOL        a
  -------         ENDDO         
  C:268DH         LINE#         33
  C:268FH         LINE#         35
  C:2697H         LINE#         36
  C:2699H         LINE#         37
  C:2699H         LINE#         38
  -------         ENDPROC       _?SYS_GET_UART1RXDEVENT
  -------         PROC          _UART1INIT
  D:002AH         SYMBOL        band
  C:1D0CH         LINE#         40
  C:1D14H         LINE#         41
  C:1D14H         LINE#         43
  C:1D17H         LINE#         44
  C:1D1AH         LINE#         45
  C:1D1DH         LINE#         46
  C:1D20H         LINE#         47
  C:1D3FH         LINE#         48
  C:1D6EH         LINE#         49
  C:1D70H         LINE#         50
  C:1D72H         LINE#         51
  C:1D74H         LINE#         52
  C:1D82H         LINE#         53
  -------         ENDPROC       _UART1INIT
  -------         PROC          _SETUART1RXD
  D:0001H         SYMBOL        RxdPt
  D:0004H         SYMBOL        Nmax
  D:002FH         SYMBOL        matchhead
  D:0032H         SYMBOL        matchheadsize
  C:2269H         LINE#         55
  C:2269H         LINE#         56
  C:2274H         LINE#         57
  C:227AH         LINE#         58
  C:2284H         LINE#         59
  C:2292H         LINE#         60
  C:2294H         LINE#         61
  C:2299H         LINE#         62
  -------         ENDPROC       _SETUART1RXD
  -------         PROC          _UART1PRINT
BL51 BANKED LINKER/LOCATER V6.22                                                      09/10/2026  14:48:56  PAGE 39


  D:0001H         SYMBOL        pt
  D:0004H         SYMBOL        num
  C:23F6H         LINE#         64
  C:23F6H         LINE#         65
  C:23FCH         LINE#         66
  C:2407H         LINE#         67
  C:240CH         LINE#         68
  C:2412H         LINE#         69
  C:2416H         LINE#         70
  C:2418H         LINE#         71
  C:241BH         LINE#         72
  C:241BH         LINE#         73
  C:241DH         LINE#         74
  -------         ENDPROC       _UART1PRINT
  -------         PROC          GETUART1TXSTATUS
  C:2728H         LINE#         76
  C:2728H         LINE#         77
  C:2730H         LINE#         78
  C:2732H         LINE#         79
  -------         ENDPROC       GETUART1TXSTATUS
  -------         ENDMOD        UART1

  -------         MODULE        ?C?COPY
  C:0116H         PUBLIC        ?C?COPY
  -------         ENDMOD        ?C?COPY

  -------         MODULE        ?C?CLDPTR
  C:013CH         PUBLIC        ?C?CLDPTR
  -------         ENDMOD        ?C?CLDPTR

  -------         MODULE        ?C?CLDOPTR
  C:0155H         PUBLIC        ?C?CLDOPTR
  -------         ENDMOD        ?C?CLDOPTR

  -------         MODULE        ?C?CSTPTR
  C:0182H         PUBLIC        ?C?CSTPTR
  -------         ENDMOD        ?C?CSTPTR

  -------         MODULE        ?C?CSTOPTR
  C:0194H         PUBLIC        ?C?CSTOPTR
  -------         ENDMOD        ?C?CSTOPTR

  -------         MODULE        ?C?IMUL
  C:01B6H         PUBLIC        ?C?IMUL
  -------         ENDMOD        ?C?IMUL

  -------         MODULE        ?C?UIDIV
  C:01C8H         PUBLIC        ?C?UIDIV
  -------         ENDMOD        ?C?UIDIV

  -------         MODULE        ?C?IILDX
  C:021DH         PUBLIC        ?C?IILDX
  -------         ENDMOD        ?C?IILDX

  -------         MODULE        ?C?ILDIX
  C:0233H         PUBLIC        ?C?ILDIX
  -------         ENDMOD        ?C?ILDIX
BL51 BANKED LINKER/LOCATER V6.22                                                      09/10/2026  14:48:56  PAGE 40



  -------         MODULE        ?C?LMUL
  C:0249H         PUBLIC        ?C?LMUL
  -------         ENDMOD        ?C?LMUL

  -------         MODULE        ?C?ULDIV
  C:02D4H         PUBLIC        ?C?ULDIV
  -------         ENDMOD        ?C?ULDIV

  -------         MODULE        ?C?SLDIV
  C:2059H         PUBLIC        ?C?SLDIV
  -------         ENDMOD        ?C?SLDIV

  -------         MODULE        ?C?ULCMP
  C:0366H         PUBLIC        ?C?ULCMP
  -------         ENDMOD        ?C?ULCMP

  -------         MODULE        ?C?ULSHR
  C:0377H         PUBLIC        ?C?ULSHR
  -------         ENDMOD        ?C?ULSHR

  -------         MODULE        ?C?SLSHR
  C:038AH         PUBLIC        ?C?SLSHR
  -------         ENDMOD        ?C?SLSHR

  -------         MODULE        ?C?LLDXDATA
  C:039EH         PUBLIC        ?C?LLDXDATA
  -------         ENDMOD        ?C?LLDXDATA

  -------         MODULE        ?C?LLDCODE
  C:03AAH         PUBLIC        ?C?LLDCODE
  -------         ENDMOD        ?C?LLDCODE

  -------         MODULE        ?C?LSTXDATA
  C:03BAH         PUBLIC        ?C?LSTXDATA
  -------         ENDMOD        ?C?LSTXDATA

  -------         MODULE        ?C?OFFXADD
  C:03C6H         PUBLIC        ?C?OFFXADD
  -------         ENDMOD        ?C?OFFXADD

  -------         MODULE        ?C?PLDIIDATA
  C:03D2H         PUBLIC        ?C?PLDIIDATA
  -------         ENDMOD        ?C?PLDIIDATA

  -------         MODULE        ?C?CCASE
  C:03E2H         PUBLIC        ?C?CCASE
  -------         ENDMOD        ?C?CCASE

  -------         MODULE        ?C?ICALL
  C:0408H         PUBLIC        ?C?ICALL
  C:040CH         PUBLIC        ?C?ICALL2
  -------         ENDMOD        ?C?ICALL

  -------         MODULE        ?C_IBP
  D:0071H         PUBLIC        ?C_IBP
  -------         ENDMOD        ?C_IBP
BL51 BANKED LINKER/LOCATER V6.22                                                      09/10/2026  14:48:56  PAGE 41



*** WARNING L16: UNCALLED SEGMENT, IGNORED FOR OVERLAY PROCESS
    SEGMENT: ?PR?GETULTRASONIC?SYS

*** WARNING L16: UNCALLED SEGMENT, IGNORED FOR OVERLAY PROCESS
    SEGMENT: ?PR?GETSYSPERFORMANCE?SYS

*** WARNING L16: UNCALLED SEGMENT, IGNORED FOR OVERLAY PROCESS
    SEGMENT: ?PR?_SETMUSIC?MUSIC

*** WARNING L16: UNCALLED SEGMENT, IGNORED FOR OVERLAY PROCESS
    SEGMENT: ?PR?_SETPLAYERMODE?MUSIC

*** WARNING L16: UNCALLED SEGMENT, IGNORED FOR OVERLAY PROCESS
    SEGMENT: ?PR?GETPLAYERMODE?MUSIC

Program Size: data=114.1 xdata=341 code=10114
LINK/LOCATE RUN COMPLETE.  5 WARNING(S),  0 ERROR(S)
